 PhysX3CookingDEBUG_x86

 Timestamp is 588ed583 (Sun Jan 29 22:56:19 2017)

 Preferred load address is 10000000

 Start         Length     Name                   Class
 0001:00000000 00008270H .text$di                CODE
 0001:00008270 000c6340H .text$mn                CODE
 0001:000ce5b0 000010e8H .text$x                 CODE
 0002:00000000 00000104H .CRT$XCA                DATA
 0002:00000104 00000158H .CRT$XCU                DATA
 0002:0000025c 00000104H .CRT$XCZ                DATA
 0002:00000360 00000104H .CRT$XIA                DATA
 0002:00000464 00000110H .CRT$XIC                DATA
 0002:00000574 00000104H .CRT$XIZ                DATA
 0002:00000678 00000104H .CRT$XPA                DATA
 0002:0000077c 0000010cH .CRT$XPX                DATA
 0002:00000888 00000104H .CRT$XPXA               DATA
 0002:0000098c 00000104H .CRT$XPZ                DATA
 0002:00000a90 00000104H .CRT$XTA                DATA
 0002:00000b94 0000010cH .CRT$XTZ                DATA
 0002:00000ca0 0002960cH .rdata                  DATA
 0002:0002a2ac 00000504H .rdata$r                DATA
 0002:0002a7b0 0000012cH .rdata$sxdata           DATA
 0002:0002a8dc 000001bcH .rdata$zzzdbg           DATA
 0002:0002aa98 00000104H .rtc$IAA                DATA
 0002:0002ab9c 00000148H .rtc$IMZ                DATA
 0002:0002ace4 00000104H .rtc$IZZ                DATA
 0002:0002ade8 00000104H .rtc$TAA                DATA
 0002:0002aeec 00000148H .rtc$TMZ                DATA
 0002:0002b034 00000104H .rtc$TZZ                DATA
 0002:0002b138 00000ed8H .xdata$x                DATA
 0002:0002c010 000001a0H .edata                  DATA
 0003:00000000 00000b08H .data                   DATA
 0003:00000b08 000004f8H .data$r                 DATA
 0003:00001000 00001998H .bss                    DATA
 0004:00000000 000001e0H .idata$5                DATA
 0004:000001e0 00000014H .idata$2                DATA
 0004:000001f4 00000014H .idata$3                DATA
 0004:00000208 000001e0H .idata$4                DATA
 0004:000003e8 00000875H .idata$6                DATA
 0005:00000000 00000020H .didat$2                DATA
 0005:00000020 00000020H .didat$3                DATA
 0005:00000040 00000234H .didat$4                DATA
 0005:00000274 00000234H .didat$5                DATA
 0005:000004a8 000018acH .didat$6                DATA
 0005:00001d54 000002e4H .didat$7                DATA
 0006:00000000 00000208H .gfids$x                DATA
 0006:00000208 00000202H .gfids$y                DATA
 0007:00000000 00000104H .00cfg                  DATA
 0008:00000000 000001c0H .rsrc$01                DATA
 0008:000001c0 000006a9H .rsrc$02                DATA

  Address         Publics by Value              Rva+Base       Lib:Object

 0000:00000000       ___guard_longjmp_table     00000000     <absolute>
 0000:00000000       ___guard_fids_table        00000000     <absolute>
 0000:00000000       ___guard_fids_count        00000000     <absolute>
 0000:00000000       ___dynamic_value_reloc_table 00000000     <absolute>
 0000:00000000       __except_list              00000000     <absolute>
 0000:00000000       ___guard_longjmp_count     00000000     <absolute>
 0000:00000000       ___guard_iat_table         00000000     <absolute>
 0000:00000000       ___guard_iat_count         00000000     <absolute>
 0000:00000009       ___safe_se_handler_count   00000009     <absolute>
 0000:00000100       ___guard_flags             00000100     <absolute>
 0000:00000000       ___ImageBase               10000000     <linker-defined>
 0001:00008270       _PxSetPhysXCookingDelayLoadHook 10009270 f   WindowsCookingDelayLoadHook.obj
 0001:00008280       ?delayHook@@YGP6GHXZIPAUDelayLoadInfo@@@Z 10009280 f   WindowsCookingDelayLoadHook.obj
 0001:00008300       ?loadLibrary@shdfnd@physx@@YGPAUHINSTANCE__@@PBD@Z 10009300 f i WindowsCookingDelayLoadHook.obj
 0001:00008320       ?physXCommonDliNotePreLoadLibrary@shdfnd@physx@@YGP6GHXZPBDPBVPxDelayLoadHook@2@@Z 10009320 f i WindowsCookingDelayLoadHook.obj
 0001:000087a0       ?strstr@@YAPADQADQBD@Z     100097a0 f i WindowsCookingDelayLoadHook.obj
 0001:000087c0       ?saveHeightField@physx@@YA_NABVHeightField@Gu@1@AAVPxOutputStream@1@_N@Z 100097c0 f   HeightFieldCooking.obj
 0001:00008bf0       ??B?$PxFlags@W4Enum@PxHeightFieldFlag@physx@@G@physx@@QBEGXZ 10009bf0 f i HeightFieldCooking.obj
 0001:00008c10       ?__empty_global_delete@@YAXPAX@Z 10009c10 f i HeightFieldCooking.obj
 0001:00008c20       ?__empty_global_delete@@YAXPAXI@Z 10009c20 f i HeightFieldCooking.obj
 0001:00008c20       ?__global_delete@@YAXPAXI@Z 10009c20 f i HeightFieldCooking.obj
 0001:00008c20       ?__global_array_delete@@YAXPAXI@Z 10009c20 f i HeightFieldCooking.obj
 0001:00008c30       ?getData@HeightField@Gu@physx@@QBEABUHeightFieldData@23@XZ 10009c30 f i HeightFieldCooking.obj
 0001:00008c50       ?buildFromTriangles@RTreeCooker@physx@@SAXAAURTree@Gu@2@PBVPxVec3@2@IPBGPBIIAAV?$Array@IVNamedAllocator@shdfnd@physx@@@shdfnd@2@PAURemapCallback@12@MW4Enum@PxMeshCookingHint@2@@Z 10009c50 f   RTreeCooking.obj
 0001:00009fd0       ??$PX_UNUSED@I@@YAXABI@Z   1000afd0 f i RTreeCooking.obj
 0001:00009fe0       ??$PX_UNUSED@M@@YAXABM@Z   1000afe0 f i RTreeCooking.obj
 0001:00009ff0       ??$PX_UNUSED@PAURTreeNodeNQ@physx@@@@YAXABQAURTreeNodeNQ@physx@@@Z 1000aff0 f i RTreeCooking.obj
 0001:0000a000       ??$PX_UNUSED@URTreeNodeNQ@physx@@@@YAXABURTreeNodeNQ@physx@@@Z 1000b000 f i RTreeCooking.obj
 0001:0000a010       ??$PxMax@H@physx@@YAHHH@Z  1000b010 f i RTreeCooking.obj
 0001:0000a040       ??$PxMax@I@physx@@YAIII@Z  1000b040 f i RTreeCooking.obj
 0001:0000a070       ??$PxMax@M@physx@@YAMMM@Z  1000b070 f i RTreeCooking.obj
 0001:0000a0a0       ??$PxMin@I@physx@@YAIII@Z  1000b0a0 f i RTreeCooking.obj
 0001:0000a0d0       ??$PxMin@M@physx@@YAMMM@Z  1000b0d0 f i RTreeCooking.obj
 0001:0000a100       ??$median3@I$$CBU?$Less@I@shdfnd@physx@@@internal@shdfnd@physx@@YAXPAIHHABU?$Less@I@12@@Z 1000b100 f i RTreeCooking.obj
 0001:0000a230       ??$median3@I$$CBUSortBoundsPredicate@physx@@@internal@shdfnd@physx@@YAXPAIHHABUSortBoundsPredicate@2@@Z 1000b230 f i RTreeCooking.obj
 0001:0000a360       ??$partition@I$$CBU?$Less@I@shdfnd@physx@@@internal@shdfnd@physx@@YAHPAIHHABU?$Less@I@12@@Z 1000b360 f i RTreeCooking.obj
 0001:0000a530       ??$partition@I$$CBUSortBoundsPredicate@physx@@@internal@shdfnd@physx@@YAHPAIHHABUSortBoundsPredicate@2@@Z 1000b530 f i RTreeCooking.obj
 0001:0000a700       ??$partition@UBoundsLTE@physx@@@quickSelect@physx@@YAIPIAIIIIABUBoundsLTE@1@@Z 1000b700 f i RTreeCooking.obj
 0001:0000a990       ??$quickSelectFirstK@UBoundsLTE@physx@@@quickSelect@physx@@YAXPIAIIIIABUBoundsLTE@1@@Z 1000b990 f i RTreeCooking.obj
 0001:0000aac0       ??$smallSort@I$$CBU?$Less@I@shdfnd@physx@@@internal@shdfnd@physx@@YAXPAIHHABU?$Less@I@12@@Z 1000bac0 f i RTreeCooking.obj
 0001:0000ab80       ??$smallSort@I$$CBUSortBoundsPredicate@physx@@@internal@shdfnd@physx@@YAXPAIHHABUSortBoundsPredicate@2@@Z 1000bb80 f i RTreeCooking.obj
 0001:0000ac40       ??$sort@I@shdfnd@physx@@YAXPAII@Z 1000bc40 f i RTreeCooking.obj
 0001:0000ac80       ??$sort@IU?$Less@I@shdfnd@physx@@VNamedAllocator@23@@shdfnd@physx@@YAXPAIIABU?$Less@I@01@ABVNamedAllocator@01@I@Z 1000bc80 f i RTreeCooking.obj
 0001:0000af50       ??$sort@IUSortBoundsPredicate@physx@@@shdfnd@physx@@YAXPAIIABUSortBoundsPredicate@1@@Z 1000bf50 f i RTreeCooking.obj
 0001:0000af90       ??$sort@IUSortBoundsPredicate@physx@@VNamedAllocator@shdfnd@2@@shdfnd@physx@@YAXPAIIABUSortBoundsPredicate@1@ABVNamedAllocator@01@I@Z 1000bf90 f i RTreeCooking.obj
 0001:0000b260       ??$swap@I@shdfnd@physx@@YAXAAI0@Z 1000c260 f i RTreeCooking.obj
 0001:0000b290       ??0?$AlignedAllocator@$0IA@VAllocator@shdfnd@physx@@@shdfnd@physx@@QAE@ABVAllocator@12@@Z 1000c290 f i RTreeCooking.obj
 0001:0000b2b0       ??0?$Array@IVNamedAllocator@shdfnd@physx@@@shdfnd@physx@@QAE@IABIABVNamedAllocator@12@@Z 1000c2b0 f i RTreeCooking.obj
 0001:0000b310       ??0?$Array@UInterval@physx@@V?$InlineAllocator@$0CA@VNamedAllocator@shdfnd@physx@@@shdfnd@2@@shdfnd@physx@@QAE@ABV?$InlineAllocator@$0CA@VNamedAllocator@shdfnd@physx@@@12@@Z 1000c310 f i RTreeCooking.obj
 0001:0000b360       ??0?$Array@UPxBounds3V@physx@@VNamedAllocator@shdfnd@2@@shdfnd@physx@@QAE@ABVNamedAllocator@12@@Z 1000c360 f i RTreeCooking.obj
 0001:0000b3b0       ??0?$Array@URTreeNodeNQ@physx@@VNamedAllocator@shdfnd@2@@shdfnd@physx@@QAE@ABVNamedAllocator@12@@Z 1000c3b0 f i RTreeCooking.obj
 0001:0000b400       ??0?$Array@URTreeNodeQ@Gu@physx@@VNamedAllocator@shdfnd@3@@shdfnd@physx@@QAE@ABVNamedAllocator@12@@Z 1000c400 f i RTreeCooking.obj
 0001:0000b450       ??0?$Array@VPxVec3@physx@@VNamedAllocator@shdfnd@2@@shdfnd@physx@@QAE@ABVNamedAllocator@12@@Z 1000c450 f i RTreeCooking.obj
 0001:0000b4a0       ??0?$InlineAllocator@$0CA@VNamedAllocator@shdfnd@physx@@@shdfnd@physx@@QAE@ABV012@@Z 1000c4a0 f i RTreeCooking.obj
 0001:0000b4d0       ??0?$InlineAllocator@$0CA@VNamedAllocator@shdfnd@physx@@@shdfnd@physx@@QAE@ABVNamedAllocator@12@@Z 1000c4d0 f i RTreeCooking.obj
 0001:0000b500       ??0?$InlineArray@UInterval@physx@@$03VNamedAllocator@shdfnd@2@@shdfnd@physx@@QAE@ABVNamedAllocator@12@@Z 1000c500 f i RTreeCooking.obj
 0001:0000b560       ??0?$ScopedPointer@HVTempAllocator@shdfnd@physx@@@shdfnd@physx@@QAE@XZ 1000c560 f i RTreeCooking.obj
 0001:0000b580       ??0?$Stack@VNamedAllocator@shdfnd@physx@@@internal@shdfnd@physx@@QAE@PAHIABVNamedAllocator@23@@Z 1000c580 f i RTreeCooking.obj
 0001:0000b5d0       ??0BoundsLTE@physx@@QAE@IPBVPxVec3@1@@Z 1000c5d0 f i RTreeCooking.obj
 0001:0000b600       ??0Interval@physx@@QAE@II@Z 1000c600 f i RTreeCooking.obj
 0001:0000b630       ??0PxBounds3@physx@@QAE@ABV01@@Z 1000c630 f i RTreeCooking.obj
 0001:0000b670       ??0PxBounds3@physx@@QAE@ABVPxVec3@1@0@Z 1000c670 f i RTreeCooking.obj
 0001:0000b6b0       ??0PxBounds3V@physx@@QAE@AAT__m128@@0@Z 1000c6b0 f i RTreeCooking.obj
 0001:0000b6f0       ??0PxBounds3V@physx@@QAE@UU@01@@Z 1000c6f0 f i RTreeCooking.obj
 0001:0000b710       ??0PxVec3@physx@@QAE@ABV01@@Z 1000c710 f i RTreeCooking.obj
 0001:0000b750       ??0PxVec3@physx@@QAE@M@Z   1000c750 f i RTreeCooking.obj
 0001:0000b7a0       ??0PxVec3@physx@@QAE@MMM@Z 1000c7a0 f i RTreeCooking.obj
 0001:0000b7f0       ??0PxVec4@physx@@QAE@ABVPxVec3@1@M@Z 1000c7f0 f i RTreeCooking.obj
 0001:0000b840       ??0PxVec4@physx@@QAE@M@Z   1000c840 f i RTreeCooking.obj
 0001:0000b8a0       ??0PxVec4@physx@@QAE@MMMM@Z 1000c8a0 f i RTreeCooking.obj
 0001:0000b900       ??0RTreeNodeNQ@physx@@QAE@ABU01@@Z 1000c900 f i RTreeCooking.obj
 0001:0000b950       ??0RTreeNodeNQ@physx@@QAE@XZ 1000c950 f i RTreeCooking.obj
 0001:0000b990       ??0SortBoundsPredicate@physx@@QAE@IPBUPxBounds3V@1@@Z 1000c990 f i RTreeCooking.obj
 0001:0000b9c0       ??0SubSortQuick@physx@@QAE@PAIPBUPxBounds3V@1@IM@Z 1000c9c0 f i RTreeCooking.obj
 0001:0000bb10       ??0SubSortSAH@physx@@QAE@PAIPBUPxBounds3V@1@IPBI22222M@Z 1000cb10 f i RTreeCooking.obj
 0001:0000bcb0       ??1?$Array@IVNamedAllocator@shdfnd@physx@@@shdfnd@physx@@QAE@XZ 1000ccb0 f i RTreeCooking.obj
 0001:0000bd20       ??1?$Array@UInterval@physx@@V?$InlineAllocator@$0CA@VNamedAllocator@shdfnd@physx@@@shdfnd@2@@shdfnd@physx@@QAE@XZ 1000cd20 f i RTreeCooking.obj
 0001:0000bd90       ??1?$Array@UPxBounds3V@physx@@VNamedAllocator@shdfnd@2@@shdfnd@physx@@QAE@XZ 1000cd90 f i RTreeCooking.obj
 0001:0000be00       ??1?$Array@URTreeNodeNQ@physx@@VNamedAllocator@shdfnd@2@@shdfnd@physx@@QAE@XZ 1000ce00 f i RTreeCooking.obj
 0001:0000be70       ??1?$Array@URTreeNodeQ@Gu@physx@@VNamedAllocator@shdfnd@3@@shdfnd@physx@@QAE@XZ 1000ce70 f i RTreeCooking.obj
 0001:0000bee0       ??1?$Array@VPxVec3@physx@@VNamedAllocator@shdfnd@2@@shdfnd@physx@@QAE@XZ 1000cee0 f i RTreeCooking.obj
 0001:0000bf50       ??1?$InlineAllocator@$0CA@VNamedAllocator@shdfnd@physx@@@shdfnd@physx@@QAE@XZ 1000cf50 f i RTreeCooking.obj
 0001:0000bf70       ??1?$InlineArray@UInterval@physx@@$03VNamedAllocator@shdfnd@2@@shdfnd@physx@@QAE@XZ 1000cf70 f i RTreeCooking.obj
 0001:0000bf90       ??1?$ScopedPointer@HVTempAllocator@shdfnd@physx@@@shdfnd@physx@@QAE@XZ 1000cf90 f i RTreeCooking.obj
 0001:0000bfc0       ??1?$Stack@VNamedAllocator@shdfnd@physx@@@internal@shdfnd@physx@@QAE@XZ 1000cfc0 f i RTreeCooking.obj
 0001:0000c000       ??1SubSortQuick@physx@@QAE@XZ 1000d000 f i RTreeCooking.obj
 0001:0000c020       ??1SubSortSAH@physx@@QAE@XZ 1000d020 f i RTreeCooking.obj
 0001:0000c0d0       ??2@YAPAXIPAX@Z            1000d0d0 f i RTreeCooking.obj
 0001:0000c0e0       ??4PxVec3@physx@@QAEAAV01@ABV01@@Z 1000d0e0 f i RTreeCooking.obj
 0001:0000c120       ??4PxVec4@physx@@QAEAAV01@ABV01@@Z 1000d120 f i RTreeCooking.obj
 0001:0000c170       ??A?$Array@IVNamedAllocator@shdfnd@physx@@@shdfnd@physx@@QAEAAII@Z 1000d170 f i RTreeCooking.obj
 0001:0000c1e0       ??A?$Array@UInterval@physx@@V?$InlineAllocator@$0CA@VNamedAllocator@shdfnd@physx@@@shdfnd@2@@shdfnd@physx@@QAEAAUInterval@2@I@Z 1000d1e0 f i RTreeCooking.obj
 0001:0000c260       ??A?$Array@URTreeNodeNQ@physx@@VNamedAllocator@shdfnd@2@@shdfnd@physx@@QAEAAURTreeNodeNQ@2@I@Z 1000d260 f i RTreeCooking.obj
 0001:0000c2d0       ??A?$Array@URTreeNodeQ@Gu@physx@@VNamedAllocator@shdfnd@3@@shdfnd@physx@@QAEAAURTreeNodeQ@Gu@2@I@Z 1000d2d0 f i RTreeCooking.obj
 0001:0000c340       ??APxVec3@physx@@QBEABMI@Z 1000d340 f i RTreeCooking.obj
 0001:0000c3b0       ??B?$ScopedPointer@HVTempAllocator@shdfnd@physx@@@shdfnd@physx@@QBEPAHXZ 1000d3b0 f i RTreeCooking.obj
 0001:0000c3d0       ??GPxVec4@physx@@QBE?AV01@ABV01@@Z 1000d3d0 f i RTreeCooking.obj
 0001:0000c460       ??HPxVec3@physx@@QBE?AV01@ABV01@@Z 1000d460 f i RTreeCooking.obj
 0001:0000c4d0       ??KPxVec4@physx@@QBE?AV01@M@Z 1000d4d0 f i RTreeCooking.obj
 0001:0000c570       ??R?$Less@I@shdfnd@physx@@QBE_NABI0@Z 1000d570 f i RTreeCooking.obj
 0001:0000c5b0       ??RBoundsLTE@physx@@QBE_NABI0@Z 1000d5b0 f i RTreeCooking.obj
 0001:0000c640       ??RSortBoundsPredicate@physx@@QBE_NABI0@Z 1000d640 f i RTreeCooking.obj
 0001:0000c770       ?FLoad@aos@shdfnd@physx@@YA?AT__m128@@M@Z 1000d770 f i RTreeCooking.obj
 0001:0000c7b0       ?FMax@aos@shdfnd@physx@@YA?AT__m128@@XZ 1000d7b0 f i RTreeCooking.obj
 0001:0000c800       ?FNegMax@aos@shdfnd@physx@@YA?AT__m128@@XZ 1000d800 f i RTreeCooking.obj
 0001:0000c850       ?FStore@aos@shdfnd@physx@@YAXT__m128@@PIAM@Z 1000d850 f i RTreeCooking.obj
 0001:0000c890       ?PxAbs@physx@@YAHH@Z       1000d890 f i RTreeCooking.obj
 0001:0000c8a0       ?PxIsFinite@physx@@YA_NM@Z 1000d8a0 f i RTreeCooking.obj
 0001:0000c8c0       ?PxMemCopy@physx@@YAPAXPIAXPIBXI@Z 1000d8c0 f i RTreeCooking.obj
 0001:0000c8e0       ?V3Add@aos@shdfnd@physx@@YA?AT__m128@@T4@0@Z 1000d8e0 f i RTreeCooking.obj
 0001:0000c930       ?V3Dot@aos@shdfnd@physx@@YA?AT__m128@@T4@0@Z 1000d930 f i RTreeCooking.obj
 0001:0000ca10       ?V3Load@aos@shdfnd@physx@@YA?AT__m128@@M@Z 1000da10 f i RTreeCooking.obj
 0001:0000ca70       ?V3LoadU@aos@shdfnd@physx@@YA?AT__m128@@ABVPxVec3@3@@Z 1000da70 f i RTreeCooking.obj
 0001:0000cad0       ?V3Max@aos@shdfnd@physx@@YA?AT__m128@@T4@0@Z 1000dad0 f i RTreeCooking.obj
 0001:0000cb20       ?V3Min@aos@shdfnd@physx@@YA?AT__m128@@T4@0@Z 1000db20 f i RTreeCooking.obj
 0001:0000cb70       ?V3PermZXY@aos@shdfnd@physx@@YA?AT__m128@@T4@@Z 1000db70 f i RTreeCooking.obj
 0001:0000cbc0       ?V3ReadXYZ@aos@shdfnd@physx@@YAABVPxVec3@3@ABT__m128@@@Z 1000dbc0 f i RTreeCooking.obj
 0001:0000cbd0       ?V3Splat@aos@shdfnd@physx@@YA?AT__m128@@T4@@Z 1000dbd0 f i RTreeCooking.obj
 0001:0000cc50       ?V3StoreA@aos@shdfnd@physx@@YAXT__m128@@AAVPxVec3@3@@Z 1000dc50 f i RTreeCooking.obj
 0001:0000ccf0       ?V3Sub@aos@shdfnd@physx@@YA?AT__m128@@T4@0@Z 1000dcf0 f i RTreeCooking.obj
 0001:0000cd40       ?V3Zero@aos@shdfnd@physx@@YA?AT__m128@@XZ 1000dd40 f i RTreeCooking.obj
 0001:0000cd80       ?V4ClearW@aos@shdfnd@physx@@YA?AT__m128@@T4@@Z 1000dd80 f i RTreeCooking.obj
 0001:0000cdd0       ?V4Load@aos@shdfnd@physx@@YA?AT__m128@@M@Z 1000ddd0 f i RTreeCooking.obj
 0001:0000ce10       ?Vec3V_From_FloatV@aos@shdfnd@physx@@YA?AT__m128@@T4@@Z 1000de10 f i RTreeCooking.obj
 0001:0000ce70       ?Vec3V_From_Vec4V@aos@shdfnd@physx@@YA?AT__m128@@T4@@Z 1000de70 f i RTreeCooking.obj
 0001:0000cec0       ?Vec4V_From_FloatV@aos@shdfnd@physx@@YA?AT__m128@@T4@@Z 1000dec0 f i RTreeCooking.obj
 0001:0000cf00       ?allocate@?$AlignedAllocator@$0IA@VAllocator@shdfnd@physx@@@shdfnd@physx@@QAEPAXIPBDH@Z 1000df00 f i RTreeCooking.obj
 0001:0000cf80       ?allocate@?$Array@IVNamedAllocator@shdfnd@physx@@@shdfnd@physx@@IAEPAII@Z 1000df80 f i RTreeCooking.obj
 0001:0000d000       ?allocate@?$Array@UInterval@physx@@V?$InlineAllocator@$0CA@VNamedAllocator@shdfnd@physx@@@shdfnd@2@@shdfnd@physx@@IAEPAUInterval@3@I@Z 1000e000 f i RTreeCooking.obj
 0001:0000d080       ?allocate@?$Array@UPxBounds3V@physx@@VNamedAllocator@shdfnd@2@@shdfnd@physx@@IAEPAUPxBounds3V@3@I@Z 1000e080 f i RTreeCooking.obj
 0001:0000d100       ?allocate@?$Array@URTreeNodeNQ@physx@@VNamedAllocator@shdfnd@2@@shdfnd@physx@@IAEPAURTreeNodeNQ@3@I@Z 1000e100 f i RTreeCooking.obj
 0001:0000d180       ?allocate@?$Array@URTreeNodeQ@Gu@physx@@VNamedAllocator@shdfnd@3@@shdfnd@physx@@IAEPAURTreeNodeQ@Gu@3@I@Z 1000e180 f i RTreeCooking.obj
 0001:0000d200       ?allocate@?$Array@VPxVec3@physx@@VNamedAllocator@shdfnd@2@@shdfnd@physx@@IAEPAVPxVec3@3@I@Z 1000e200 f i RTreeCooking.obj
 0001:0000d280       ?allocate@?$InlineAllocator@$0CA@VNamedAllocator@shdfnd@physx@@@shdfnd@physx@@QAEPAXIPBDH@Z 1000e280 f i RTreeCooking.obj
 0001:0000d2d0       ?begin@?$Array@IVNamedAllocator@shdfnd@physx@@@shdfnd@physx@@QAEPAIXZ 1000e2d0 f i RTreeCooking.obj
 0001:0000d2f0       ?begin@?$Array@UPxBounds3V@physx@@VNamedAllocator@shdfnd@2@@shdfnd@physx@@QAEPAUPxBounds3V@3@XZ 1000e2f0 f i RTreeCooking.obj
 0001:0000d310       ?begin@?$Array@VPxVec3@physx@@VNamedAllocator@shdfnd@2@@shdfnd@physx@@QAEPAVPxVec3@3@XZ 1000e310 f i RTreeCooking.obj
 0001:0000d330       ?capacity@?$Array@IVNamedAllocator@shdfnd@physx@@@shdfnd@physx@@QBEIXZ 1000e330 f i RTreeCooking.obj
 0001:0000d350       ?capacity@?$Array@UInterval@physx@@V?$InlineAllocator@$0CA@VNamedAllocator@shdfnd@physx@@@shdfnd@2@@shdfnd@physx@@QBEIXZ 1000e350 f i RTreeCooking.obj
 0001:0000d370       ?capacity@?$Array@UPxBounds3V@physx@@VNamedAllocator@shdfnd@2@@shdfnd@physx@@QBEIXZ 1000e370 f i RTreeCooking.obj
 0001:0000d390       ?capacity@?$Array@URTreeNodeNQ@physx@@VNamedAllocator@shdfnd@2@@shdfnd@physx@@QBEIXZ 1000e390 f i RTreeCooking.obj
 0001:0000d3b0       ?capacity@?$Array@URTreeNodeQ@Gu@physx@@VNamedAllocator@shdfnd@3@@shdfnd@physx@@QBEIXZ 1000e3b0 f i RTreeCooking.obj
 0001:0000d3d0       ?capacity@?$Array@VPxVec3@physx@@VNamedAllocator@shdfnd@2@@shdfnd@physx@@QBEIXZ 1000e3d0 f i RTreeCooking.obj
 0001:0000d3f0       ?capacityIncrement@?$Array@IVNamedAllocator@shdfnd@physx@@@shdfnd@physx@@IBEIXZ 1000e3f0 f i RTreeCooking.obj
 0001:0000d430       ?capacityIncrement@?$Array@UInterval@physx@@V?$InlineAllocator@$0CA@VNamedAllocator@shdfnd@physx@@@shdfnd@2@@shdfnd@physx@@IBEIXZ 1000e430 f i RTreeCooking.obj
 0001:0000d470       ?capacityIncrement@?$Array@UPxBounds3V@physx@@VNamedAllocator@shdfnd@2@@shdfnd@physx@@IBEIXZ 1000e470 f i RTreeCooking.obj
 0001:0000d4b0       ?capacityIncrement@?$Array@URTreeNodeNQ@physx@@VNamedAllocator@shdfnd@2@@shdfnd@physx@@IBEIXZ 1000e4b0 f i RTreeCooking.obj
 0001:0000d4f0       ?capacityIncrement@?$Array@URTreeNodeQ@Gu@physx@@VNamedAllocator@shdfnd@3@@shdfnd@physx@@IBEIXZ 1000e4f0 f i RTreeCooking.obj
 0001:0000d530       ?capacityIncrement@?$Array@VPxVec3@physx@@VNamedAllocator@shdfnd@2@@shdfnd@physx@@IBEIXZ 1000e530 f i RTreeCooking.obj
 0001:0000d570       ?computeSA@SubSortSAH@physx@@QAEMPBIABUInterval@2@@Z 1000e570 f i RTreeCooking.obj
 0001:0000d6f0       ?copy@?$Array@IVNamedAllocator@shdfnd@physx@@@shdfnd@physx@@KAXPAI0PBI@Z 1000e6f0 f i RTreeCooking.obj
 0001:0000d760       ?copy@?$Array@UInterval@physx@@V?$InlineAllocator@$0CA@VNamedAllocator@shdfnd@physx@@@shdfnd@2@@shdfnd@physx@@KAXPAUInterval@3@0PBU43@@Z 1000e760 f i RTreeCooking.obj
 0001:0000d7e0       ?copy@?$Array@UPxBounds3V@physx@@VNamedAllocator@shdfnd@2@@shdfnd@physx@@KAXPAUPxBounds3V@3@0PBU43@@Z 1000e7e0 f i RTreeCooking.obj
 0001:0000d860       ?copy@?$Array@URTreeNodeNQ@physx@@VNamedAllocator@shdfnd@2@@shdfnd@physx@@KAXPAURTreeNodeNQ@3@0PBU43@@Z 1000e860 f i RTreeCooking.obj
 0001:0000d8d0       ?copy@?$Array@URTreeNodeQ@Gu@physx@@VNamedAllocator@shdfnd@3@@shdfnd@physx@@KAXPAURTreeNodeQ@Gu@3@0PBU453@@Z 1000e8d0 f i RTreeCooking.obj
 0001:0000d950       ?copy@?$Array@VPxVec3@physx@@VNamedAllocator@shdfnd@2@@shdfnd@physx@@KAXPAVPxVec3@3@0PBV43@@Z 1000e950 f i RTreeCooking.obj
 0001:0000d9c0       ?create@?$Array@IVNamedAllocator@shdfnd@physx@@@shdfnd@physx@@KAXPAI0ABI@Z 1000e9c0 f i RTreeCooking.obj
 0001:0000da30       ?deallocate@?$Array@IVNamedAllocator@shdfnd@physx@@@shdfnd@physx@@IAEXPAX@Z 1000ea30 f i RTreeCooking.obj
 0001:0000da50       ?deallocate@?$Array@UInterval@physx@@V?$InlineAllocator@$0CA@VNamedAllocator@shdfnd@physx@@@shdfnd@2@@shdfnd@physx@@IAEXPAX@Z 1000ea50 f i RTreeCooking.obj
 0001:0000da70       ?deallocate@?$Array@UPxBounds3V@physx@@VNamedAllocator@shdfnd@2@@shdfnd@physx@@IAEXPAX@Z 1000ea70 f i RTreeCooking.obj
 0001:0000da90       ?deallocate@?$Array@URTreeNodeNQ@physx@@VNamedAllocator@shdfnd@2@@shdfnd@physx@@IAEXPAX@Z 1000ea90 f i RTreeCooking.obj
 0001:0000dab0       ?deallocate@?$Array@URTreeNodeQ@Gu@physx@@VNamedAllocator@shdfnd@3@@shdfnd@physx@@IAEXPAX@Z 1000eab0 f i RTreeCooking.obj
 0001:0000dad0       ?deallocate@?$Array@VPxVec3@physx@@VNamedAllocator@shdfnd@2@@shdfnd@physx@@IAEXPAX@Z 1000ead0 f i RTreeCooking.obj
 0001:0000daf0       ?deallocate@?$InlineAllocator@$0CA@VNamedAllocator@shdfnd@physx@@@shdfnd@physx@@QAEXPAX@Z 1000eaf0 f i RTreeCooking.obj
 0001:0000db30       ?destroy@?$Array@IVNamedAllocator@shdfnd@physx@@@shdfnd@physx@@KAXPAI0@Z 1000eb30 f i RTreeCooking.obj
 0001:0000db50       ?destroy@?$Array@UInterval@physx@@V?$InlineAllocator@$0CA@VNamedAllocator@shdfnd@physx@@@shdfnd@2@@shdfnd@physx@@KAXPAUInterval@3@0@Z 1000eb50 f i RTreeCooking.obj
 0001:0000db70       ?destroy@?$Array@UPxBounds3V@physx@@VNamedAllocator@shdfnd@2@@shdfnd@physx@@KAXPAUPxBounds3V@3@0@Z 1000eb70 f i RTreeCooking.obj
 0001:0000db90       ?destroy@?$Array@URTreeNodeNQ@physx@@VNamedAllocator@shdfnd@2@@shdfnd@physx@@KAXPAURTreeNodeNQ@3@0@Z 1000eb90 f i RTreeCooking.obj
 0001:0000dbb0       ?destroy@?$Array@URTreeNodeQ@Gu@physx@@VNamedAllocator@shdfnd@3@@shdfnd@physx@@KAXPAURTreeNodeQ@Gu@3@0@Z 1000ebb0 f i RTreeCooking.obj
 0001:0000dbd0       ?destroy@?$Array@VPxVec3@physx@@VNamedAllocator@shdfnd@2@@shdfnd@physx@@KAXPAVPxVec3@3@0@Z 1000ebd0 f i RTreeCooking.obj
 0001:0000dbf0       ?empty@?$Stack@VNamedAllocator@shdfnd@physx@@@internal@shdfnd@physx@@QAE_NXZ 1000ebf0 f i RTreeCooking.obj
 0001:0000dc30       ?empty@PxBounds3@physx@@SA?AV12@XZ 1000ec30 f i RTreeCooking.obj
 0001:0000dc90       ?getExtents@PxBounds3V@physx@@QBE?AT__m128@@XZ 1000ec90 f i RTreeCooking.obj
 0001:0000dcf0       ?getMaxVec3@PxBounds3V@physx@@QBEABVPxVec3@2@XZ 1000ecf0 f i RTreeCooking.obj
 0001:0000dd10       ?getMinVec3@PxBounds3V@physx@@QBEABVPxVec3@2@XZ 1000ed10 f i RTreeCooking.obj
 0001:0000dd30       ?grow@?$Array@IVNamedAllocator@shdfnd@physx@@@shdfnd@physx@@IAEXI@Z 1000ed30 f i RTreeCooking.obj
 0001:0000ddb0       ?grow@?$Array@UPxBounds3V@physx@@VNamedAllocator@shdfnd@2@@shdfnd@physx@@IAEXI@Z 1000edb0 f i RTreeCooking.obj
 0001:0000de30       ?grow@?$Array@URTreeNodeNQ@physx@@VNamedAllocator@shdfnd@2@@shdfnd@physx@@IAEXI@Z 1000ee30 f i RTreeCooking.obj
 0001:0000deb0       ?grow@?$Array@URTreeNodeQ@Gu@physx@@VNamedAllocator@shdfnd@3@@shdfnd@physx@@IAEXI@Z 1000eeb0 f i RTreeCooking.obj
 0001:0000df30       ?grow@?$Array@VPxVec3@physx@@VNamedAllocator@shdfnd@2@@shdfnd@physx@@IAEXI@Z 1000ef30 f i RTreeCooking.obj
 0001:0000dfb0       ?grow@?$Stack@VNamedAllocator@shdfnd@physx@@@internal@shdfnd@physx@@QAEXXZ 1000efb0 f i RTreeCooking.obj
 0001:0000e060       ?growAndPushBack@?$Array@IVNamedAllocator@shdfnd@physx@@@shdfnd@physx@@IAEAAIABI@Z 1000f060 f i RTreeCooking.obj
 0001:0000e1f0       ?growAndPushBack@?$Array@UInterval@physx@@V?$InlineAllocator@$0CA@VNamedAllocator@shdfnd@physx@@@shdfnd@2@@shdfnd@physx@@IAEAAUInterval@3@ABU43@@Z 1000f1f0 f i RTreeCooking.obj
 0001:0000e390       ?growAndPushBack@?$Array@UPxBounds3V@physx@@VNamedAllocator@shdfnd@2@@shdfnd@physx@@IAEAAUPxBounds3V@3@ABU43@@Z 1000f390 f i RTreeCooking.obj
 0001:0000e520       ?growAndPushBack@?$Array@URTreeNodeNQ@physx@@VNamedAllocator@shdfnd@2@@shdfnd@physx@@IAEAAURTreeNodeNQ@3@ABU43@@Z 1000f520 f i RTreeCooking.obj
 0001:0000e6b0       ?growAndPushBack@?$Array@URTreeNodeQ@Gu@physx@@VNamedAllocator@shdfnd@3@@shdfnd@physx@@IAEAAURTreeNodeQ@Gu@3@ABU453@@Z 1000f6b0 f i RTreeCooking.obj
 0001:0000e840       ?growAndPushBack@?$Array@VPxVec3@physx@@VNamedAllocator@shdfnd@2@@shdfnd@physx@@IAEAAVPxVec3@3@ABV43@@Z 1000f840 f i RTreeCooking.obj
 0001:0000e9c0       ?include@PxBounds3V@physx@@QAEXABU12@@Z 1000f9c0 f i RTreeCooking.obj
 0001:0000ea40       ?isFinite@PxBounds3@physx@@QBE_NXZ 1000fa40 f i RTreeCooking.obj
 0001:0000eaa0       ?isFinite@PxVec3@physx@@QBE_NXZ 1000faa0 f i RTreeCooking.obj
 0001:0000eb40       ?isFinite@intrinsics@physx@@YA_NM@Z 1000fb40 f i RTreeCooking.obj
 0001:0000eb90       ?isInUserMemory@?$Array@IVNamedAllocator@shdfnd@physx@@@shdfnd@physx@@QBEIXZ 1000fb90 f i RTreeCooking.obj
 0001:0000ebb0       ?isInUserMemory@?$Array@UInterval@physx@@V?$InlineAllocator@$0CA@VNamedAllocator@shdfnd@physx@@@shdfnd@2@@shdfnd@physx@@QBEIXZ 1000fbb0 f i RTreeCooking.obj
 0001:0000ebd0       ?isInUserMemory@?$Array@UPxBounds3V@physx@@VNamedAllocator@shdfnd@2@@shdfnd@physx@@QBEIXZ 1000fbd0 f i RTreeCooking.obj
 0001:0000ebf0       ?isInUserMemory@?$Array@URTreeNodeNQ@physx@@VNamedAllocator@shdfnd@2@@shdfnd@physx@@QBEIXZ 1000fbf0 f i RTreeCooking.obj
 0001:0000ec10       ?isInUserMemory@?$Array@URTreeNodeQ@Gu@physx@@VNamedAllocator@shdfnd@3@@shdfnd@physx@@QBEIXZ 1000fc10 f i RTreeCooking.obj
 0001:0000ec30       ?isInUserMemory@?$Array@VPxVec3@physx@@VNamedAllocator@shdfnd@2@@shdfnd@physx@@QBEIXZ 1000fc30 f i RTreeCooking.obj
 0001:0000ec50       ?isInside@PxBounds3@physx@@QBE_NABV12@@Z 1000fc50 f i RTreeCooking.obj
 0001:0000ed70       ?isLeaf@RTreeNodeQ@Gu@physx@@QBEIXZ 1000fd70 f i RTreeCooking.obj
 0001:0000ed90       ?isValid@PxBounds3@physx@@QBE_NXZ 1000fd90 f i RTreeCooking.obj
 0001:0000eeb0       ?memCopy@intrinsics@physx@@YAPAXPIAXPIBXI@Z 1000feb0 f i RTreeCooking.obj
 0001:0000eed0       ?pop@?$Stack@VNamedAllocator@shdfnd@physx@@@internal@shdfnd@physx@@QAEXAAH0@Z 1000fed0 f i RTreeCooking.obj
 0001:0000efa0       ?popBack@?$Array@IVNamedAllocator@shdfnd@physx@@@shdfnd@physx@@QAEIXZ 1000ffa0 f i RTreeCooking.obj
 0001:0000f040       ?push@?$Stack@VNamedAllocator@shdfnd@physx@@@internal@shdfnd@physx@@QAEXHH@Z 10010040 f i RTreeCooking.obj
 0001:0000f0d0       ?pushBack@?$Array@IVNamedAllocator@shdfnd@physx@@@shdfnd@physx@@QAEAAIABI@Z 100100d0 f i RTreeCooking.obj
 0001:0000f180       ?pushBack@?$Array@UInterval@physx@@V?$InlineAllocator@$0CA@VNamedAllocator@shdfnd@physx@@@shdfnd@2@@shdfnd@physx@@QAEAAUInterval@3@ABU43@@Z 10010180 f i RTreeCooking.obj
 0001:0000f240       ?pushBack@?$Array@UPxBounds3V@physx@@VNamedAllocator@shdfnd@2@@shdfnd@physx@@QAEAAUPxBounds3V@3@ABU43@@Z 10010240 f i RTreeCooking.obj
 0001:0000f300       ?pushBack@?$Array@URTreeNodeNQ@physx@@VNamedAllocator@shdfnd@2@@shdfnd@physx@@QAEAAURTreeNodeNQ@3@ABU43@@Z 10010300 f i RTreeCooking.obj
 0001:0000f3b0       ?pushBack@?$Array@URTreeNodeQ@Gu@physx@@VNamedAllocator@shdfnd@3@@shdfnd@physx@@QAEAAURTreeNodeQ@Gu@3@ABU453@@Z 100103b0 f i RTreeCooking.obj
 0001:0000f470       ?pushBack@?$Array@VPxVec3@physx@@VNamedAllocator@shdfnd@2@@shdfnd@physx@@QAEAAVPxVec3@3@ABV43@@Z 10010470 f i RTreeCooking.obj
 0001:0000f520       ?recreate@?$Array@IVNamedAllocator@shdfnd@physx@@@shdfnd@physx@@IAEXI@Z 10010520 f i RTreeCooking.obj
 0001:0000f630       ?recreate@?$Array@UPxBounds3V@physx@@VNamedAllocator@shdfnd@2@@shdfnd@physx@@IAEXI@Z 10010630 f i RTreeCooking.obj
 0001:0000f740       ?recreate@?$Array@URTreeNodeNQ@physx@@VNamedAllocator@shdfnd@2@@shdfnd@physx@@IAEXI@Z 10010740 f i RTreeCooking.obj
 0001:0000f850       ?recreate@?$Array@URTreeNodeQ@Gu@physx@@VNamedAllocator@shdfnd@3@@shdfnd@physx@@IAEXI@Z 10010850 f i RTreeCooking.obj
 0001:0000f950       ?recreate@?$Array@VPxVec3@physx@@VNamedAllocator@shdfnd@2@@shdfnd@physx@@IAEXI@Z 10010950 f i RTreeCooking.obj
 0001:0000fa50       ?replaceWithLast@?$Array@UInterval@physx@@V?$InlineAllocator@$0CA@VNamedAllocator@shdfnd@physx@@@shdfnd@2@@shdfnd@physx@@QAEXI@Z 10010a50 f i RTreeCooking.obj
 0001:0000fb00       ?reserve@?$Array@IVNamedAllocator@shdfnd@physx@@@shdfnd@physx@@QAEXI@Z 10010b00 f i RTreeCooking.obj
 0001:0000fb30       ?reserve@?$Array@UPxBounds3V@physx@@VNamedAllocator@shdfnd@2@@shdfnd@physx@@QAEXI@Z 10010b30 f i RTreeCooking.obj
 0001:0000fb60       ?reserve@?$Array@URTreeNodeNQ@physx@@VNamedAllocator@shdfnd@2@@shdfnd@physx@@QAEXI@Z 10010b60 f i RTreeCooking.obj
 0001:0000fb90       ?reserve@?$Array@URTreeNodeQ@Gu@physx@@VNamedAllocator@shdfnd@3@@shdfnd@physx@@QAEXI@Z 10010b90 f i RTreeCooking.obj
 0001:0000fbc0       ?reserve@?$Array@VPxVec3@physx@@VNamedAllocator@shdfnd@2@@shdfnd@physx@@QAEXI@Z 10010bc0 f i RTreeCooking.obj
 0001:0000fbf0       ?resize@?$Array@IVNamedAllocator@shdfnd@physx@@@shdfnd@physx@@QAEXIABI@Z 10010bf0 f i RTreeCooking.obj
 0001:0000fc80       ?resizeUninitialized@?$Array@URTreeNodeNQ@physx@@VNamedAllocator@shdfnd@2@@shdfnd@physx@@QAEXI@Z 10010c80 f i RTreeCooking.obj
 0001:0000fcb0       ?selectMax@intrinsics@physx@@YAMMM@Z 10010cb0 f i RTreeCooking.obj
 0001:0000fcf0       ?selectMin@intrinsics@physx@@YAMMM@Z 10010cf0 f i RTreeCooking.obj
 0001:0000fd30       ?setEmpty@PxBounds3@physx@@QAEXXZ 10010d30 f i RTreeCooking.obj
 0001:0000fda0       ?setLeaf@RTreeNodeQ@Gu@physx@@QAEX_N@Z 10010da0 f i RTreeCooking.obj
 0001:0000fdf0       ?size@?$Array@IVNamedAllocator@shdfnd@physx@@@shdfnd@physx@@QBEIXZ 10010df0 f i RTreeCooking.obj
 0001:0000fe10       ?size@?$Array@UInterval@physx@@V?$InlineAllocator@$0CA@VNamedAllocator@shdfnd@physx@@@shdfnd@2@@shdfnd@physx@@QBEIXZ 10010e10 f i RTreeCooking.obj
 0001:0000fe30       ?size@?$Array@URTreeNodeNQ@physx@@VNamedAllocator@shdfnd@2@@shdfnd@physx@@QBEIXZ 10010e30 f i RTreeCooking.obj
 0001:0000fe50       ?size@?$Array@URTreeNodeQ@Gu@physx@@VNamedAllocator@shdfnd@3@@shdfnd@physx@@QBEIXZ 10010e50 f i RTreeCooking.obj
 0001:0000fe70       ?size@?$Array@VPxVec3@physx@@VNamedAllocator@shdfnd@2@@shdfnd@physx@@QBEIXZ 10010e70 f i RTreeCooking.obj
 0001:0000fe90       ?sort4@SubSortQuick@physx@@QAEXPIAIIAAV?$Array@URTreeNodeNQ@physx@@VNamedAllocator@shdfnd@2@@shdfnd@2@AAIAAUPxBounds3V@2@I@Z 10010e90 f i RTreeCooking.obj
 0001:000106f0       ?sort4@SubSortSAH@physx@@QAEXPAIIAAV?$Array@URTreeNodeNQ@physx@@VNamedAllocator@shdfnd@2@@shdfnd@2@AAIIPAURTreeNodeNQ@2@@Z 100116f0 f i RTreeCooking.obj
 0001:000114a0       ?split@SubSortSAH@physx@@QAEIPAII@Z 100124a0 f i RTreeCooking.obj
 0001:00012120       ?loadFromDesc@TriangleMeshBuilder@physx@@QAE_NABVPxTriangleMeshDesc@2@ABUPxCookingParams@2@_N@Z 10013120 f   TriangleMeshBuilder.obj
 0001:00012330       ?save@TriangleMeshBuilder@physx@@QBE_NAAVPxOutputStream@2@_NABUPxCookingParams@2@@Z 10013330 f   TriangleMeshBuilder.obj
 0001:000128c0       ?computeLocalBounds@TriangleMeshBuilder@physx@@IAEXXZ 100138c0 f   TriangleMeshBuilder.obj
 0001:000129d0       ?importMesh@TriangleMeshBuilder@physx@@IAE_NABVPxTriangleMeshDesc@2@ABUPxCookingParams@2@_N@Z 100139d0 f   TriangleMeshBuilder.obj
 0001:000130f0       ??$?_UI@@YAPAXIV?$ReflectionAllocator@I@shdfnd@physx@@PBDH@Z 100140f0 f i TriangleMeshBuilder.obj
 0001:00013110       ??0?$PxFlags@W4Enum@PxMeshFlag@physx@@G@physx@@QAE@ABV01@@Z 10014110 f i TriangleMeshBuilder.obj
 0001:00013140       ??0?$PxFlags@W4Enum@PxMeshFlag@physx@@G@physx@@QAE@W4Enum@PxMeshFlag@1@@Z 10014140 f i TriangleMeshBuilder.obj
 0001:00013160       ??0?$PxFlags@W4Enum@PxMeshFlag@physx@@G@physx@@QAE@XZ 10014160 f i TriangleMeshBuilder.obj
 0001:00013180       ??0?$PxFlags@W4Enum@PxMeshPreprocessingFlag@physx@@I@physx@@QAE@ABV01@@Z 10014180 f i TriangleMeshBuilder.obj
 0001:000131a0       ??0?$ReflectionAllocator@I@shdfnd@physx@@QAE@PBD@Z 100141a0 f i TriangleMeshBuilder.obj
 0001:000131c0       ??0PxSimpleTriangleMesh@physx@@QAE@ABV01@@Z 100141c0 f i TriangleMeshBuilder.obj
 0001:00013230       ??0PxTriangleMeshDesc@physx@@QAE@ABV01@@Z 10014230 f i TriangleMeshBuilder.obj
 0001:00013280       ??APxVec3@physx@@QAEAAMI@Z 10014280 f i TriangleMeshBuilder.obj
 0001:000132f0       ??B?$PxFlags@W4Enum@PxMeshFlag@physx@@G@physx@@QBE_NXZ 100142f0 f i TriangleMeshBuilder.obj
 0001:00013320       ??B?$PxFlags@W4Enum@PxMeshPreprocessingFlag@physx@@I@physx@@QBE_NXZ 10014320 f i TriangleMeshBuilder.obj
 0001:00013350       ??I?$PxFlags@W4Enum@PxMeshFlag@physx@@G@physx@@QBE?AV01@W4Enum@PxMeshFlag@1@@Z 10014350 f i TriangleMeshBuilder.obj
 0001:000133a0       ??I?$PxFlags@W4Enum@PxMeshPreprocessingFlag@physx@@I@physx@@QBE?AV01@W4Enum@PxMeshPreprocessingFlag@1@@Z 100143a0 f i TriangleMeshBuilder.obj
 0001:000133e0       ??S?$PxFlags@W4Enum@PxMeshFlag@physx@@G@physx@@QBE?AV01@XZ 100143e0 f i TriangleMeshBuilder.obj
 0001:00013420       ??Sphysx@@YA?AV?$PxFlags@W4Enum@PxMeshFlag@physx@@G@0@W4Enum@PxMeshFlag@0@@Z 10014420 f i TriangleMeshBuilder.obj
 0001:00013450       ??_4?$PxFlags@W4Enum@PxMeshFlag@physx@@G@physx@@QAEAAV01@ABV01@@Z 10014450 f i TriangleMeshBuilder.obj
 0001:00013480       ??_H@YGXPAXIIP6EPAX0@Z@Z   10014480 f i TriangleMeshBuilder.obj
 0001:000134e0       ?PxAbs@physx@@YAMM@Z       100144e0 f i TriangleMeshBuilder.obj
 0001:00013500       ?abs@intrinsics@physx@@YAMM@Z 10014500 f i TriangleMeshBuilder.obj
 0001:00013520       ?allocate@?$ReflectionAllocator@I@shdfnd@physx@@QAEPAXIPBDH@Z 10014520 f i TriangleMeshBuilder.obj
 0001:00013580       ?gatherStrided@shdfnd@physx@@YAXPBXPAXIII@Z 10014580 f i TriangleMeshBuilder.obj
 0001:000135f0       ?getFoundation@shdfnd@physx@@YAAAVFoundation@12@XZ 100145f0 f i TriangleMeshBuilder.obj
 0001:00013600       ?getName@?$ReflectionAllocator@I@shdfnd@physx@@CAPBDXZ 10014600 f i TriangleMeshBuilder.obj
 0001:00013650       ?isValid@PxSimpleTriangleMesh@physx@@QBE_NXZ 10014650 f i TriangleMeshBuilder.obj
 0001:00013720       ?isValid@PxTriangleMeshDesc@physx@@QBE_NXZ 10014720 f i TriangleMeshBuilder.obj
 0001:00013790       ?name@type_info@@QBEPBDXZ  10014790 f i TriangleMeshBuilder.obj
 0001:000137c0       ?to16@shdfnd@physx@@YAGI@Z 100147c0 f i TriangleMeshBuilder.obj
 0001:00013820       ?writeIntBuffer@physx@@YAXPBII_NAAVPxOutputStream@1@@Z 10014820 f i TriangleMeshBuilder.obj
 0001:00013850       _fabsf                     10014850 f i TriangleMeshBuilder.obj
 0001:00013880       _powf                      10014880 f i TriangleMeshBuilder.obj
 0001:000138c0       ??0BigConvexDataBuilder@physx@@QAE@PBUConvexHullData@Gu@1@PAVBigConvexData@1@PBVPxVec3@1@@Z 100148c0 f   BigConvexDataBuilder.obj
 0001:000138f0       ??1BigConvexDataBuilder@physx@@QAE@XZ 100148f0 f   BigConvexDataBuilder.obj
 0001:00013900       ?Precompute@BigConvexDataBuilder@physx@@QAE_NI@Z 10014900 f   BigConvexDataBuilder.obj
 0001:00013cc0       ?Initialize@BigConvexDataBuilder@physx@@QAE_NXZ 10014cc0 f   BigConvexDataBuilder.obj
 0001:00013d10       ?PrecomputeSample@BigConvexDataBuilder@physx@@QAE_NIABVPxVec3@2@@Z 10014d10 f   BigConvexDataBuilder.obj
 0001:00013e10       ?Save@BigConvexDataBuilder@physx@@QBE_NAAVPxOutputStream@2@_NIPBUHullTriangleData@2@@Z 10014e10 f   BigConvexDataBuilder.obj
 0001:00013f00       ?ComputeValencies@BigConvexDataBuilder@physx@@QBE_NIPBUHullTriangleData@2@@Z 10014f00 f   BigConvexDataBuilder.obj
 0001:00013f50       ?Compute@BigConvexDataBuilder@physx@@QBE_NABUVALENCIESCREATE@2@@Z 10014f50 f   BigConvexDataBuilder.obj
 0001:000143b0       ?Save@BigConvexDataBuilder@physx@@QBE_NAAVPxOutputStream@2@_N@Z 100153b0 f   BigConvexDataBuilder.obj
 0001:00014870       ??$?_UE@@YAPAXIV?$ReflectionAllocator@E@shdfnd@physx@@PBDH@Z 10015870 f i BigConvexDataBuilder.obj
 0001:00014890       ??$?_UG@@YAPAXIV?$ReflectionAllocator@G@shdfnd@physx@@PBDH@Z 10015890 f i BigConvexDataBuilder.obj
 0001:000148b0       ??$?_UUValency@Gu@physx@@@@YAPAXIV?$ReflectionAllocator@UValency@Gu@physx@@@shdfnd@physx@@PBDH@Z 100158b0 f i BigConvexDataBuilder.obj
 0001:000148d0       ??0?$ReflectionAllocator@E@shdfnd@physx@@QAE@PBD@Z 100158d0 f i BigConvexDataBuilder.obj
 0001:000148f0       ??0?$ReflectionAllocator@G@shdfnd@physx@@QAE@PBD@Z 100158f0 f i BigConvexDataBuilder.obj
 0001:00014910       ??0?$ReflectionAllocator@UValency@Gu@physx@@@shdfnd@physx@@QAE@PBD@Z 10015910 f i BigConvexDataBuilder.obj
 0001:00014930       ??0EDGELISTCREATE@Gu@physx@@QAE@XZ 10015930 f i BigConvexDataBuilder.obj
 0001:000149a0       ??0PxVec3@physx@@QAE@XZ    100159a0 f i BigConvexDataBuilder.obj
 0001:000149c0       ??0VALENCIESCREATE@physx@@QAE@XZ 100159c0 f i BigConvexDataBuilder.obj
 0001:000149f0       ??_0PxVec3@physx@@QAEAAV01@M@Z 100159f0 f i BigConvexDataBuilder.obj
 0001:00014a70       ?GetEdge@EdgeList@Gu@physx@@QBEABUEdgeData@23@I@Z 10015a70 f i BigConvexDataBuilder.obj
 0001:00014a90       ?GetNbEdges@EdgeList@Gu@physx@@QBEIXZ 10015a90 f i BigConvexDataBuilder.obj
 0001:00014ab0       ?PxMemZero@physx@@YAPAXPIAXI@Z 10015ab0 f i BigConvexDataBuilder.obj
 0001:00014ad0       ?PxSqrt@physx@@YAMM@Z      10015ad0 f i BigConvexDataBuilder.obj
 0001:00014af0       ?allocate@?$ReflectionAllocator@E@shdfnd@physx@@QAEPAXIPBDH@Z 10015af0 f i BigConvexDataBuilder.obj
 0001:00014b50       ?allocate@?$ReflectionAllocator@G@shdfnd@physx@@QAEPAXIPBDH@Z 10015b50 f i BigConvexDataBuilder.obj
 0001:00014bb0       ?allocate@?$ReflectionAllocator@UValency@Gu@physx@@@shdfnd@physx@@QAEPAXIPBDH@Z 10015bb0 f i BigConvexDataBuilder.obj
 0001:00014c10       ?dot@PxVec3@physx@@QBEMABV12@@Z 10015c10 f i BigConvexDataBuilder.obj
 0001:00014c70       ?getName@?$ReflectionAllocator@E@shdfnd@physx@@CAPBDXZ 10015c70 f i BigConvexDataBuilder.obj
 0001:00014cc0       ?getName@?$ReflectionAllocator@G@shdfnd@physx@@CAPBDXZ 10015cc0 f i BigConvexDataBuilder.obj
 0001:00014d10       ?getName@?$ReflectionAllocator@UValency@Gu@physx@@@shdfnd@physx@@CAPBDXZ 10015d10 f i BigConvexDataBuilder.obj
 0001:00014d60       ?magnitude@PxVec3@physx@@QBEMXZ 10015d60 f i BigConvexDataBuilder.obj
 0001:00014d90       ?magnitudeSquared@PxVec3@physx@@QBEMXZ 10015d90 f i BigConvexDataBuilder.obj
 0001:00014df0       ?memZero@intrinsics@physx@@YAPAXPIAXI@Z 10015df0 f i BigConvexDataBuilder.obj
 0001:00014e10       ?normalize@PxVec3@physx@@QAEMXZ 10015e10 f i BigConvexDataBuilder.obj
 0001:00014e60       ?sqrt@intrinsics@physx@@YAMM@Z 10015e60 f i BigConvexDataBuilder.obj
 0001:00014e80       _sqrtf                     10015e80 f i BigConvexDataBuilder.obj
 0001:00014f00       ??0ConvexHullBuilder@physx@@QAE@PAUConvexHullData@Gu@1@@Z 10015f00 f   ConvexHullBuilder.obj
 0001:00014f80       ??1ConvexHullBuilder@physx@@QAE@XZ 10015f80 f   ConvexHullBuilder.obj
 0001:00015090       ?Init@ConvexHullBuilder@physx@@QAE_NIPBVPxVec3@2@IPBIIPBUPxHullPolygon@2@@Z 10016090 f   ConvexHullBuilder.obj
 0001:00015900       ?Save@ConvexHullBuilder@physx@@QBE_NAAVPxOutputStream@2@_N@Z 10016900 f   ConvexHullBuilder.obj
 0001:00015b20       ?CreateEdgeList@ConvexHullBuilder@physx@@QAE_NXZ 10016b20 f   ConvexHullBuilder.obj
 0001:00016620       ?CreatePolygonData@ConvexHullBuilder@physx@@QAE_NXZ 10017620 f   ConvexHullBuilder.obj
 0001:00017250       ?CheckHullPolygons@ConvexHullBuilder@physx@@QBE_NXZ 10018250 f   ConvexHullBuilder.obj
 0001:00017910       ?CreateTrianglesFromPolygons@ConvexHullBuilder@physx@@QAE_NXZ 10018910 f   ConvexHullBuilder.obj
 0001:00017d80       ?ComputeGeomCenter@ConvexHullBuilder@physx@@QBE_NAAVPxVec3@2@@Z 10018d80 f   ConvexHullBuilder.obj
 0001:00017ec0       ?CalculateVertexMapTable@ConvexHullBuilder@physx@@QAE_NI_N@Z 10018ec0 f   ConvexHullBuilder.obj
 0001:000180e0       ?ComputeHullPolygons@ConvexHullBuilder@physx@@QAE_NABIPBVPxVec3@2@0PBI@Z 100190e0 f   ConvexHullBuilder.obj
 0001:0001aef0       ??$?_UUEdgeDescData@Gu@physx@@@@YAPAXIV?$ReflectionAllocator@UEdgeDescData@Gu@physx@@@shdfnd@physx@@PBDH@Z 1001bef0 f i ConvexHullBuilder.obj
 0001:0001af10       ??$?_UUHullTriangleData@physx@@@@YAPAXIV?$ReflectionAllocator@UHullTriangleData@physx@@@shdfnd@physx@@PBDH@Z 1001bf10 f i ConvexHullBuilder.obj
 0001:0001af30       ??$PX_UNUSED@H@@YAXABH@Z   1001bf30 f i ConvexHullBuilder.obj
 0001:0001af40       ??$PlaneEquation@U?$TriangleT@I@Gu@physx@@@@YA?AVPxPlane@physx@@ABU?$TriangleT@I@Gu@1@PBVPxVec3@1@@Z 1001bf40 f i ConvexHullBuilder.obj
 0001:0001afc0       ??$swap@E@shdfnd@physx@@YAXAAE0@Z 1001bfc0 f i ConvexHullBuilder.obj
 0001:0001aff0       ??0?$ReflectionAllocator@UEdgeDescData@Gu@physx@@@shdfnd@physx@@QAE@PBD@Z 1001bff0 f i ConvexHullBuilder.obj
 0001:0001b010       ??0?$ReflectionAllocator@UHullTriangleData@physx@@@shdfnd@physx@@QAE@PBD@Z 1001c010 f i ConvexHullBuilder.obj
 0001:0001b030       ??0?$TriangleT@I@Gu@physx@@QAE@III@Z 1001c030 f i ConvexHullBuilder.obj
 0001:0001b090       ??0ADJACENCIESCREATE@physx@@QAE@XZ 1001c090 f i ConvexHullBuilder.obj
 0001:0001b0f0       ??0HullPolygonData@Gu@physx@@QAE@ABU012@@Z 1001c0f0 f i ConvexHullBuilder.obj
 0001:0001b150       ??0PxPlane@physx@@QAE@ABV01@@Z 1001c150 f i ConvexHullBuilder.obj
 0001:0001b190       ??0PxPlane@physx@@QAE@ABVPxVec3@1@00@Z 1001c190 f i ConvexHullBuilder.obj
 0001:0001b230       ??0PxPlane@physx@@QAE@MMMM@Z 1001c230 f i ConvexHullBuilder.obj
 0001:0001b290       ??4PxPlane@physx@@QAEAAV01@$$QAV01@@Z 1001c290 f i ConvexHullBuilder.obj
 0001:0001b2d0       ??DPxVec3@physx@@QBE?AV01@M@Z 1001c2d0 f i ConvexHullBuilder.obj
 0001:0001b340       ??GPxVec3@physx@@QBE?AV01@ABV01@@Z 1001c340 f i ConvexHullBuilder.obj
 0001:0001b3b0       ??GPxVec3@physx@@QBE?AV01@XZ 1001c3b0 f i ConvexHullBuilder.obj
 0001:0001b420       ??YPxVec3@physx@@QAEAAV01@ABV01@@Z 1001c420 f i ConvexHullBuilder.obj
 0001:0001b980       ?ComputeNbPolygons@ConvexHullBuilder@physx@@QBEIXZ 1001c980 f i ConvexHullBuilder.obj
 0001:0001b9c0       ?Flip@physx@@YAXAAUHullTriangleData@1@@Z 1001c9c0 f i ConvexHullBuilder.obj
 0001:0001bb10       ?GetAdjTri@AdjTriangle@physx@@QBEIW4SharedEdgeIndex@2@@Z 1001cb10 f i ConvexHullBuilder.obj
 0001:0001bb40       ?GetFaces@ConvexHullBuilder@physx@@QBEPBUHullTriangleData@2@XZ 1001cb40 f i ConvexHullBuilder.obj
 0001:0001bb60       ?GetNbFaces@ConvexHullBuilder@physx@@QBEIXZ 1001cb60 f i ConvexHullBuilder.obj
 0001:0001beb0       ?HasActiveEdge01@AdjTriangle@physx@@QBEHXZ 1001ceb0 f i ConvexHullBuilder.obj
 0001:0001bee0       ?HasActiveEdge12@AdjTriangle@physx@@QBEHXZ 1001cee0 f i ConvexHullBuilder.obj
 0001:0001bf10       ?HasActiveEdge20@AdjTriangle@physx@@QBEHXZ 1001cf10 f i ConvexHullBuilder.obj
 0001:0001bf40       ?HasActiveEdge@AdjTriangle@physx@@QBEHI@Z 1001cf40 f i ConvexHullBuilder.obj
 0001:0001bf70       ?PxRecipSqrt@physx@@YAMM@Z 1001cf70 f i ConvexHullBuilder.obj
 0001:0001bf90       ?allocate@?$ReflectionAllocator@UEdgeDescData@Gu@physx@@@shdfnd@physx@@QAEPAXIPBDH@Z 1001cf90 f i ConvexHullBuilder.obj
 0001:0001bff0       ?allocate@?$ReflectionAllocator@UHullTriangleData@physx@@@shdfnd@physx@@QAEPAXIPBDH@Z 1001cff0 f i ConvexHullBuilder.obj
 0001:0001c050       ?area@?$TriangleT@I@Gu@physx@@QBEMPBVPxVec3@3@@Z 1001d050 f i ConvexHullBuilder.obj
 0001:0001c110       ?center@?$TriangleT@I@Gu@physx@@QBEXPBVPxVec3@3@AAV43@@Z 1001d110 f i ConvexHullBuilder.obj
 0001:0001c1d0       ?cross@PxVec3@physx@@QBE?AV12@ABV12@@Z 1001d1d0 f i ConvexHullBuilder.obj
 0001:0001c290       ?distance@PxPlane@physx@@QBEMABVPxVec3@2@@Z 1001d290 f i ConvexHullBuilder.obj
 0001:0001c2d0       ?flip@?$TriangleT@I@Gu@physx@@QAEXXZ 1001d2d0 f i ConvexHullBuilder.obj
 0001:0001c310       ?flip@physx@@YAXAAG@Z      1001d310 f i ConvexHullBuilder.obj
 0001:0001c380       ?flip@physx@@YAXAAM@Z      1001d380 f i ConvexHullBuilder.obj
 0001:0001c430       ?flipData@Gu@physx@@YAXAAUHullPolygonData@12@@Z 1001d430 f i ConvexHullBuilder.obj
 0001:0001c490       ?getName@?$ReflectionAllocator@UEdgeDescData@Gu@physx@@@shdfnd@physx@@CAPBDXZ 1001d490 f i ConvexHullBuilder.obj
 0001:0001c4e0       ?getName@?$ReflectionAllocator@UHullTriangleData@physx@@@shdfnd@physx@@CAPBDXZ 1001d4e0 f i ConvexHullBuilder.obj
 0001:0001c530       ?getNormalized@PxVec3@physx@@QBE?AV12@XZ 1001d530 f i ConvexHullBuilder.obj
 0001:0001c5e0       ?recipSqrt@intrinsics@physx@@YAMM@Z 1001d5e0 f i ConvexHullBuilder.obj
 0001:0001c630       ?to8@shdfnd@physx@@YAEI@Z  1001d630 f i ConvexHullBuilder.obj
 0001:0001c690       ??0ConvexMeshBuilder@physx@@QAE@XZ 1001d690 f   ConvexMeshBuilder.obj
 0001:0001c6d0       ??1ConvexMeshBuilder@physx@@UAE@XZ 1001d6d0 f   ConvexMeshBuilder.obj
 0001:0001c710       ?loadFromDesc@ConvexMeshBuilder@physx@@QAE_NABVPxConvexMeshDesc@2@W4Enum@PxPlatform@2@@Z 1001d710 f   ConvexMeshBuilder.obj
 0001:0001c7c0       ?save@ConvexMeshBuilder@physx@@QBE_NAAVPxOutputStream@2@_N@Z 1001d7c0 f   ConvexMeshBuilder.obj
 0001:0001cab0       ?loadConvexHull@ConvexMeshBuilder@physx@@QAE_NABVPxConvexMeshDesc@2@@Z 1001dab0 f   ConvexMeshBuilder.obj
 0001:0001cdd0       ?computeHullPolygons@ConvexMeshBuilder@physx@@QAE_NABIPBVPxVec3@2@0PBIAAVPxAllocatorCallback@2@AAIAAPAV32@4AAPAI4AAPAUPxHullPolygon@2@@Z 1001ddd0 f   ConvexMeshBuilder.obj
 0001:0001d0a0       ?computeGaussMaps@ConvexMeshBuilder@physx@@QAE_NXZ 1001e0a0 f   ConvexMeshBuilder.obj
 0001:0001d180       ?computeMassInfo@ConvexMeshBuilder@physx@@QAEXXZ 1001e180 f   ConvexMeshBuilder.obj
 0001:0001d3d0       ?computeInternalObjects@ConvexMeshBuilder@physx@@QAEXXZ 1001e3d0 f   ConvexMeshBuilder.obj
 0001:0001e300       ??0?$PxFlags@W4Enum@PxBaseFlag@physx@@G@physx@@QAE@ABV01@@Z 1001f300 f i ConvexMeshBuilder.obj
 0001:0001e330       ??0?$PxFlags@W4Enum@PxConvexFlag@physx@@G@physx@@QAE@ABV01@@Z 1001f330 f i ConvexMeshBuilder.obj
 0001:0001e360       ??0?$ReflectionAllocator@VBigConvexData@physx@@@shdfnd@physx@@QAE@PBD@Z 1001f360 f i ConvexMeshBuilder.obj
 0001:0001e380       ??0PxBoundedData@physx@@QAE@XZ 1001f380 f i ConvexMeshBuilder.obj
 0001:0001e3b0       ??0PxIntegrals@physx@@QAE@XZ 1001f3b0 f i ConvexMeshBuilder.obj
 0001:0001e3d0       ??0PxMat33@physx@@QAE@ABVPxVec3@1@00@Z 1001f3d0 f i ConvexMeshBuilder.obj
 0001:0001e420       ??0PxSimpleTriangleMesh@physx@@QAE@XZ 1001f420 f i ConvexMeshBuilder.obj
 0001:0001e460       ??0PxStridedData@physx@@QAE@XZ 1001f460 f i ConvexMeshBuilder.obj
 0001:0001e490       ??2UserAllocated@shdfnd@physx@@SAPAXIPAX@Z 1001f490 f i ConvexMeshBuilder.obj
 0001:0001e4a0       ??3UserAllocated@shdfnd@physx@@SAXPAX@Z 1001f4a0 f i ConvexMeshBuilder.obj
 0001:0001e4d0       ??4PxMat33@physx@@QAEAAV01@ABV01@@Z 1001f4d0 f i ConvexMeshBuilder.obj
 0001:0001e520       ??APxMat33@physx@@QAEAAVPxVec3@1@I@Z 1001f520 f i ConvexMeshBuilder.obj
 0001:0001e540       ??B?$PxFlags@W4Enum@PxBaseFlag@physx@@G@physx@@QBE_NXZ 1001f540 f i ConvexMeshBuilder.obj
 0001:0001e570       ??B?$PxFlags@W4Enum@PxConvexFlag@physx@@G@physx@@QBE_NXZ 1001f570 f i ConvexMeshBuilder.obj
 0001:0001e5a0       ??GPxMat33@physx@@QBE?AV01@XZ 1001f5a0 f i ConvexMeshBuilder.obj
 0001:0001e600       ??I?$PxFlags@W4Enum@PxBaseFlag@physx@@G@physx@@QBE?AV01@W4Enum@PxBaseFlag@1@@Z 1001f600 f i ConvexMeshBuilder.obj
 0001:0001e650       ??I?$PxFlags@W4Enum@PxConvexFlag@physx@@G@physx@@QBE?AV01@W4Enum@PxConvexFlag@1@@Z 1001f650 f i ConvexMeshBuilder.obj
 0001:0001e6a0       ??RPxMat33@physx@@QAEAAMII@Z 1001f6a0 f i ConvexMeshBuilder.obj
 0001:0001e6d0       ??XPxVec3@physx@@QAEAAV01@M@Z 1001f6d0 f i ConvexMeshBuilder.obj
 0001:0001e730       ??_EConvexMeshBuilder@physx@@W7AEPAXI@Z 1001f730 f i ConvexMeshBuilder.obj
 0001:0001e740       ??_GBigConvexData@physx@@QAEPAXI@Z 1001f740 f i ConvexMeshBuilder.obj
 0001:0001e7a0       ??_GConvexMeshBuilder@physx@@UAEPAXI@Z 1001f7a0 f i ConvexMeshBuilder.obj
 0001:0001e7a0       ??_EConvexMeshBuilder@physx@@UAEPAXI@Z 1001f7a0 f i ConvexMeshBuilder.obj
 0001:0001e800       ?PxGetGaussMapVertexLimitForPlatform@physx@@YAIW4Enum@PxPlatform@1@@Z 1001f800 f i ConvexMeshBuilder.obj
 0001:0001e8b0       ?allocate@?$ReflectionAllocator@VBigConvexData@physx@@@shdfnd@physx@@QAEPAXIPBDH@Z 1001f8b0 f i ConvexMeshBuilder.obj
 0001:0001e910       ?getName@?$ReflectionAllocator@VBigConvexData@physx@@@shdfnd@physx@@CAPBDXZ 1001f910 f i ConvexMeshBuilder.obj
 0001:0001e960       ?getOriginInertia@PxIntegrals@physx@@QAEXAAVPxMat33@2@@Z 1001f960 f i ConvexMeshBuilder.obj
 0001:0001ea00       ?isReleasable@PxBase@physx@@UBE_NXZ 1001fa00 f i ConvexMeshBuilder.obj
 0001:0001ea30       ?isValid@PxConvexMeshDesc@physx@@QBE_NXZ 1001fa30 f i ConvexMeshBuilder.obj
 0001:0001ec30       ?largestAxis@shdfnd@physx@@YAIABVPxVec3@2@@Z 1001fc30 f i ConvexMeshBuilder.obj
 0001:0001ecb0       ?markSerializedMem@Cm@physx@@YAXPAXI@Z 1001fcb0 f i ConvexMeshBuilder.obj
 0001:0001ecf0       ?requires@ConvexMesh@Gu@physx@@UAEXAAVPxProcessPxBaseCallback@3@@Z 1001fcf0 f i ConvexMeshBuilder.obj
 0001:0001ed00       ??0HullLibrary@physx@@QAE@XZ 1001fd00 f   hulllib.obj
 0001:0001ed70       ??1HullLibrary@physx@@QAE@XZ 1001fd70 f   hulllib.obj
 0001:0001edb0       ?CreateConvexHull@HullLibrary@physx@@QAE?AW4HullError@2@ABVHullDesc@2@AAVHullResult@2@@Z 1001fdb0 f   hulllib.obj
 0001:0001f3f0       ?ReleaseResult@HullLibrary@physx@@QAE?AW4HullError@2@AAVHullResult@2@@Z 100203f0 f   hulllib.obj
 0001:0001f470       ?CreateTriangleMesh@HullLibrary@physx@@QAE?AW4HullError@2@AAVHullResult@2@PAVConvexHullTriangleInterface@2@@Z 10020470 f   hulllib.obj
 0001:0001f5d0       ?b2bfix@HullLibrary@physx@@AAEXPAVTri@2@0@Z 100205d0 f   hulllib.obj
 0001:0001f7a0       ?removeb2b@HullLibrary@physx@@AAEXPAVTri@2@0@Z 100207a0 f   hulllib.obj
 0001:0001f7f0       ?checkit@HullLibrary@physx@@ABEXPAVTri@2@@Z 100207f0 f   hulllib.obj
 0001:0001f970       ?extrude@HullLibrary@physx@@AAEXPAVTri@2@H@Z 10020970 f   hulllib.obj
 0001:0001fd90       ?extrudable@HullLibrary@physx@@ABEPAVTri@2@M@Z 10020d90 f   hulllib.obj
 0001:0001fe40       ?calchullgen@HullLibrary@physx@@AAE?AW4HullError@2@PAVfloat3@2@HHM@Z 10020e40 f   hulllib.obj
 0001:00020c20       ?calchull@HullLibrary@physx@@AAE?AW4HullError@2@PAVfloat3@2@HAAPAHAAHAAPAV42@2HM@Z 10021c20 f   hulllib.obj
 0001:00020ea0       ?expandhull@HullLibrary@physx@@AAE?AW4HullError@2@PAVfloat3@2@HAAPAV42@AAHM@Z 10021ea0 f   hulllib.obj
 0001:00021900       ?calchullpbev@HullLibrary@physx@@AAE?AW4HullError@2@PAVfloat3@2@HHAAV?$Array@VPlane@physx@@@hullLibArray@2@M@Z 10022900 f   hulllib.obj
 0001:000221f0       ?ComputeHull@HullLibrary@physx@@AAE?AW4HullError@2@IPBMAAVPHullResult@2@IMM@Z 100231f0 f   hulllib.obj
 0001:000224d0       ?overhullv@HullLibrary@physx@@AAE?AW4HullError@2@PAVfloat3@2@HHAAPAV42@AAHAAPAH2MMHM@Z 100234d0 f   hulllib.obj
 0001:00023200       ??0ConvexH@physx@@QAE@HHH@Z 10024200 f   hulllib.obj
 0001:00025b80       ?neib@Tri@physx@@QAEAAHHH@Z 10026b80 f   hulllib.obj
 0001:0002aae0       ??$?2V?$ReflectionAllocator@VConvexH@physx@@@shdfnd@physx@@@UserAllocated@shdfnd@physx@@SAPAXIV?$ReflectionAllocator@VConvexH@physx@@@12@PBDH@Z 1002bae0 f i hulllib.obj
 0001:0002ab00       ??$?2V?$ReflectionAllocator@VTri@physx@@@shdfnd@physx@@@UserAllocated@shdfnd@physx@@SAPAXIV?$ReflectionAllocator@VTri@physx@@@12@PBDH@Z 1002bb00 f i hulllib.obj
 0001:0002ab20       ??$?_UM@@YAPAXIV?$ReflectionAllocator@M@shdfnd@physx@@PBDH@Z 1002bb20 f i hulllib.obj
 0001:0002ab40       ??$Max@M@physx@@YAMABM0@Z  1002bb40 f i hulllib.obj
 0001:0002ab90       ??$Min@H@physx@@YAHABH0@Z  1002bb90 f i hulllib.obj
 0001:0002abd0       ??$Min@M@physx@@YAMABM0@Z  1002bbd0 f i hulllib.obj
 0001:0002ac20       ??$Swap@H@physx@@YAXAAH0@Z 1002bc20 f i hulllib.obj
 0001:0002ac50       ??$__vcrt_va_start_verify_argument_type@QBD@@YAXXZ 1002bc50 f i hulllib.obj
 0001:0002ac60       ??$maxdir@Vfloat3@physx@@@physx@@YAHPBVfloat3@0@HABV10@@Z 1002bc60 f i hulllib.obj
 0001:0002ad50       ??$maxdirfiltered@Vfloat3@physx@@@physx@@YAHPBVfloat3@0@HABV10@PA_N@Z 1002bd50 f i hulllib.obj
 0001:0002aea0       ??$maxdirsterid@Vfloat3@physx@@@physx@@YAHPBVfloat3@0@HABV10@AAV?$Array@H@hullLibArray@0@@Z 1002bea0 f i hulllib.obj
 0001:0002b3e0       ??0?$Array@H@hullLibArray@physx@@QAE@H@Z 1002c3e0 f i hulllib.obj
 0001:0002b430       ??0?$Array@PAVTri@physx@@@hullLibArray@physx@@QAE@H@Z 1002c430 f i hulllib.obj
 0001:0002b480       ??0?$Array@UExpandPlane@physx@@@hullLibArray@physx@@QAE@H@Z 1002c480 f i hulllib.obj
 0001:0002b4d0       ??0?$Array@VHalfEdge@ConvexH@physx@@@hullLibArray@physx@@QAE@H@Z 1002c4d0 f i hulllib.obj
 0001:0002b520       ??0?$Array@VPlane@physx@@@hullLibArray@physx@@QAE@H@Z 1002c520 f i hulllib.obj
 0001:0002b570       ??0?$Array@Vfloat3@physx@@@hullLibArray@physx@@QAE@H@Z 1002c570 f i hulllib.obj
 0001:0002b5c0       ??0?$Array@Vint3@physx@@@hullLibArray@physx@@QAE@H@Z 1002c5c0 f i hulllib.obj
 0001:0002b610       ??0?$ReflectionAllocator@M@shdfnd@physx@@QAE@PBD@Z 1002c610 f i hulllib.obj
 0001:0002b630       ??0?$ReflectionAllocator@VConvexH@physx@@@shdfnd@physx@@QAE@PBD@Z 1002c630 f i hulllib.obj
 0001:0002b650       ??0?$ReflectionAllocator@VTri@physx@@@shdfnd@physx@@QAE@PBD@Z 1002c650 f i hulllib.obj
 0001:0002b670       ??0?$ScopedPointer@_NVTempAllocator@shdfnd@physx@@@shdfnd@physx@@QAE@XZ 1002c670 f i hulllib.obj
 0001:0002b690       ??0ExpandPlane@physx@@QAE@XZ 1002c690 f i hulllib.obj
 0001:0002b720       ??0HalfEdge@ConvexH@physx@@QAE@FEE@Z 1002c720 f i hulllib.obj
 0001:0002b760       ??0HalfEdge@ConvexH@physx@@QAE@XZ 1002c760 f i hulllib.obj
 0001:0002b780       ??0PHullResult@physx@@QAE@XZ 1002c780 f i hulllib.obj
 0001:0002b7d0       ??0Plane@physx@@QAE@ABVfloat3@1@M@Z 1002c7d0 f i hulllib.obj
 0001:0002b810       ??0Plane@physx@@QAE@XZ     1002c810 f i hulllib.obj
 0001:0002b840       ??0Tri@physx@@QAE@HHHPAV?$Array@PAVTri@physx@@@hullLibArray@1@@Z 1002c840 f i hulllib.obj
 0001:0002b8c0       ??0float3@physx@@QAE@MMM@Z 1002c8c0 f i hulllib.obj
 0001:0002b910       ??0float3@physx@@QAE@XZ    1002c910 f i hulllib.obj
 0001:0002b950       ??0float3x3@physx@@QAE@Vfloat3@1@00@Z 1002c950 f i hulllib.obj
 0001:0002b9c0       ??0float3x3@physx@@QAE@XZ  1002c9c0 f i hulllib.obj
 0001:0002ba00       ??0int3@physx@@QAE@HHH@Z   1002ca00 f i hulllib.obj
 0001:0002ba40       ??0int4@physx@@QAE@HHHH@Z  1002ca40 f i hulllib.obj
 0001:0002ba80       ??1?$Array@H@hullLibArray@physx@@QAE@XZ 1002ca80 f i hulllib.obj
 0001:0002baf0       ??1?$Array@PAVTri@physx@@@hullLibArray@physx@@QAE@XZ 1002caf0 f i hulllib.obj
 0001:0002bb60       ??1?$Array@UExpandPlane@physx@@@hullLibArray@physx@@QAE@XZ 1002cb60 f i hulllib.obj
 0001:0002bbd0       ??1?$Array@VHalfEdge@ConvexH@physx@@@hullLibArray@physx@@QAE@XZ 1002cbd0 f i hulllib.obj
 0001:0002bc40       ??1?$Array@VPlane@physx@@@hullLibArray@physx@@QAE@XZ 1002cc40 f i hulllib.obj
 0001:0002bcb0       ??1?$Array@Vfloat3@physx@@@hullLibArray@physx@@QAE@XZ 1002ccb0 f i hulllib.obj
 0001:0002bd20       ??1?$Array@Vint3@physx@@@hullLibArray@physx@@QAE@XZ 1002cd20 f i hulllib.obj
 0001:0002bd90       ??1?$ScopedPointer@_NVTempAllocator@shdfnd@physx@@@shdfnd@physx@@QAE@XZ 1002cd90 f i hulllib.obj
 0001:0002bdc0       ??1ConvexH@physx@@QAE@XZ   1002cdc0 f i hulllib.obj
 0001:0002be00       ??1Tri@physx@@IAE@XZ       1002ce00 f i hulllib.obj
 0001:0002be10       ??8physx@@YAHABVPlane@0@0@Z 1002ce10 f i hulllib.obj
 0001:0002be70       ??8physx@@YAHABVfloat3@0@0@Z 1002ce70 f i hulllib.obj
 0001:0002bee0       ??9physx@@YAHABVfloat3@0@0@Z 1002cee0 f i hulllib.obj
 0001:0002bf50       ??A?$Array@H@hullLibArray@physx@@QAEAAHH@Z 1002cf50 f i hulllib.obj
 0001:0002bfd0       ??A?$Array@PAVTri@physx@@@hullLibArray@physx@@QAEAAPAVTri@2@H@Z 1002cfd0 f i hulllib.obj
 0001:0002c050       ??A?$Array@UExpandPlane@physx@@@hullLibArray@physx@@QAEAAUExpandPlane@2@H@Z 1002d050 f i hulllib.obj
 0001:0002c0d0       ??A?$Array@VHalfEdge@ConvexH@physx@@@hullLibArray@physx@@QAEAAVHalfEdge@ConvexH@2@H@Z 1002d0d0 f i hulllib.obj
 0001:0002c150       ??A?$Array@VPlane@physx@@@hullLibArray@physx@@QAEAAVPlane@2@H@Z 1002d150 f i hulllib.obj
 0001:0002c1d0       ??A?$Array@Vfloat3@physx@@@hullLibArray@physx@@QAEAAVfloat3@2@H@Z 1002d1d0 f i hulllib.obj
 0001:0002c250       ??Afloat3@physx@@QAEAAMH@Z 1002d250 f i hulllib.obj
 0001:0002c2c0       ??Afloat3@physx@@QBEABMH@Z 1002d2c0 f i hulllib.obj
 0001:0002c330       ??Afloat3x3@physx@@QAEAAVfloat3@1@H@Z 1002d330 f i hulllib.obj
 0001:0002c3a0       ??Afloat3x3@physx@@QBEABVfloat3@1@H@Z 1002d3a0 f i hulllib.obj
 0001:0002c410       ??Aint3@physx@@QAEAAHH@Z   1002d410 f i hulllib.obj
 0001:0002c430       ??Aint3@physx@@QBEABHH@Z   1002d430 f i hulllib.obj
 0001:0002c450       ??Aint4@physx@@QAEAAHH@Z   1002d450 f i hulllib.obj
 0001:0002c470       ??B?$ScopedPointer@_NVTempAllocator@shdfnd@physx@@@shdfnd@physx@@QBEPA_NXZ 1002d470 f i hulllib.obj
 0001:0002c490       ??_G?$Array@PAVTri@physx@@@hullLibArray@physx@@QAEPAXI@Z 1002d490 f i hulllib.obj
 0001:0002c4d0       ??_GConvexH@physx@@QAEPAXI@Z 1002d4d0 f i hulllib.obj
 0001:0002c530       ??_GTri@physx@@IAEPAXI@Z   1002d530 f i hulllib.obj
 0001:0002c590       ?Add@?$Array@H@hullLibArray@physx@@QAEAAHH@Z 1002d590 f i hulllib.obj
 0001:0002c680       ?Add@?$Array@PAVTri@physx@@@hullLibArray@physx@@QAEAAPAVTri@3@PAV43@@Z 1002d680 f i hulllib.obj
 0001:0002c770       ?Add@?$Array@UExpandPlane@physx@@@hullLibArray@physx@@QAEAAUExpandPlane@3@U43@@Z 1002d770 f i hulllib.obj
 0001:0002c870       ?Add@?$Array@VPlane@physx@@@hullLibArray@physx@@QAEAAVPlane@3@V43@@Z 1002d870 f i hulllib.obj
 0001:0002c980       ?Add@?$Array@Vfloat3@physx@@@hullLibArray@physx@@QAEAAVfloat3@3@V43@@Z 1002d980 f i hulllib.obj
 0001:0002ca80       ?Add@?$Array@Vint3@physx@@@hullLibArray@physx@@QAEAAVint3@3@V43@@Z 1002da80 f i hulllib.obj
 0001:0002cb80       ?HasHullFlag@HullDesc@physx@@QBE_NW4HullFlag@2@@Z 1002db80 f i hulllib.obj
 0001:0002ccf0       ?PxMemSet@physx@@YAPAXPIAXHI@Z 1002dcf0 f i hulllib.obj
 0001:0002cd10       ?SetSize@?$Array@PAVTri@physx@@@hullLibArray@physx@@QAEXH@Z 1002dd10 f i hulllib.obj
 0001:0002cda0       ?SetSize@?$Array@Vint3@physx@@@hullLibArray@physx@@QAEXH@Z 1002dda0 f i hulllib.obj
 0001:0002ce30       ?allocate@?$Array@H@hullLibArray@physx@@QAEXH@Z 1002de30 f i hulllib.obj
 0001:0002d010       ?allocate@?$Array@PAVTri@physx@@@hullLibArray@physx@@QAEXH@Z 1002e010 f i hulllib.obj
 0001:0002d1f0       ?allocate@?$Array@UExpandPlane@physx@@@hullLibArray@physx@@QAEXH@Z 1002e1f0 f i hulllib.obj
 0001:0002d3d0       ?allocate@?$Array@VHalfEdge@ConvexH@physx@@@hullLibArray@physx@@QAEXH@Z 1002e3d0 f i hulllib.obj
 0001:0002d5b0       ?allocate@?$Array@VPlane@physx@@@hullLibArray@physx@@QAEXH@Z 1002e5b0 f i hulllib.obj
 0001:0002d7b0       ?allocate@?$Array@Vfloat3@physx@@@hullLibArray@physx@@QAEXH@Z 1002e7b0 f i hulllib.obj
 0001:0002d9a0       ?allocate@?$Array@Vint3@physx@@@hullLibArray@physx@@QAEXH@Z 1002e9a0 f i hulllib.obj
 0001:0002db90       ?allocate@?$ReflectionAllocator@M@shdfnd@physx@@QAEPAXIPBDH@Z 1002eb90 f i hulllib.obj
 0001:0002dbf0       ?allocate@?$ReflectionAllocator@VConvexH@physx@@@shdfnd@physx@@QAEPAXIPBDH@Z 1002ebf0 f i hulllib.obj
 0001:0002dc50       ?allocate@?$ReflectionAllocator@VTri@physx@@@shdfnd@physx@@QAEPAXIPBDH@Z 1002ec50 f i hulllib.obj
 0001:0002dcb0       ?distance@Plane@physx@@QBEMABVfloat3@2@@Z 1002ecb0 f i hulllib.obj
 0001:0002dd20       ?getName@?$ReflectionAllocator@M@shdfnd@physx@@CAPBDXZ 1002ed20 f i hulllib.obj
 0001:0002dd70       ?getName@?$ReflectionAllocator@VConvexH@physx@@@shdfnd@physx@@CAPBDXZ 1002ed70 f i hulllib.obj
 0001:0002ddc0       ?getName@?$ReflectionAllocator@VTri@physx@@@shdfnd@physx@@CAPBDXZ 1002edc0 f i hulllib.obj
 0001:0002de10       ?memSet@intrinsics@physx@@YAPAXPIAXHI@Z 1002ee10 f i hulllib.obj
 0001:0002de30       ?to8@shdfnd@physx@@YAEG@Z  1002ee30 f i hulllib.obj
 0001:0002de90       ___local_stdio_printf_options 1002ee90 f i hulllib.obj
 0001:0002dea0       __vfprintf_l               1002eea0 f i hulllib.obj
 0001:0002dee0       _cosf                      1002eee0 f i hulllib.obj
 0001:0002df10       _printf                    1002ef10 f i hulllib.obj
 0001:0002df60       _sinf                      1002ef60 f i hulllib.obj
 0001:0002dfe0       ?computeVolumeIntegrals@physx@@YA_NABVPxSimpleTriangleMesh@1@MAAUPxIntegrals@1@@Z 1002efe0 f   VolumeIntegration.obj
 0001:0002e040       ?computeVolumeIntegralsEberly@physx@@YA_NABVPxSimpleTriangleMesh@1@MAAUPxIntegrals@1@ABVPxVec3@1@@Z 1002f040 f   VolumeIntegration.obj
 0001:00031940       ??4?$PxFlags@W4Enum@PxMeshFlag@physx@@G@physx@@QAEAAV01@ABV01@@Z 10032940 f i VolumeIntegration.obj
 0001:00031970       ??4PxSimpleTriangleMesh@physx@@QAEAAV01@ABV01@@Z 10032970 f i VolumeIntegration.obj
 0001:000319e0       ?isZero@PxVec3@physx@@QBE_NXZ 100329e0 f i VolumeIntegration.obj
 0001:00031a60       ?ComputeNbBoundaryEdges@AdjTriangle@physx@@QBEIXZ 10032a60 f   Adjacencies.obj
 0001:00031af0       ?ComputeNbNeighbors@AdjTriangle@physx@@QBEIXZ 10032af0 f   Adjacencies.obj
 0001:00031b80       ?HasNeighbor@AdjTriangle@physx@@QBE_NIPAI@Z 10032b80 f   Adjacencies.obj
 0001:00031c70       ?Flip@AdjTriangle@physx@@QAEXXZ 10032c70 f   Adjacencies.obj
 0001:00031ca0       ??0Adjacencies@physx@@QAE@XZ 10032ca0 f   Adjacencies.obj
 0001:00031cd0       ??1Adjacencies@physx@@QAE@XZ 10032cd0 f   Adjacencies.obj
 0001:00031d20       ?Load@Adjacencies@physx@@QAE_NAAVPxInputStream@2@@Z 10032d20 f   Adjacencies.obj
 0001:00031e20       ?Walk@Adjacencies@physx@@QAE_NP6AXABUCommonWalkParams@2@IIII@ZPAX@Z 10032e20 f   Adjacencies.obj
 0001:00031f30       ?Walk2@Adjacencies@physx@@QAE_NP6AXABUCommonWalkParams@2@IIII@ZPAXPBVPxVec3@2@PBU?$TriangleT@I@Gu@2@@Z 10032f30 f   Adjacencies.obj
 0001:00032070       ?ComputeNbBoundaryEdges@Adjacencies@physx@@QBEIXZ 10033070 f   Adjacencies.obj
 0001:000320d0       ?GetBoundaryVertices@Adjacencies@physx@@QBE_NIPA_NPBU?$TriangleT@I@Gu@2@@Z 100330d0 f   Adjacencies.obj
 0001:000322e0       ?MakeLastRef@Adjacencies@physx@@QAE_NAAVAdjTriangle@2@IPAU?$TriangleT@I@Gu@2@@Z 100332e0 f   Adjacencies.obj
 0001:00032560       ?AssignNewEdgeCode@Adjacencies@physx@@AAEXIE@Z 10033560 f   Adjacencies.obj
 0001:000325e0       ??0AdjacenciesBuilder@physx@@QAE@XZ 100335e0 f   Adjacencies.obj
 0001:00032600       ??1AdjacenciesBuilder@physx@@QAE@XZ 10033600 f   Adjacencies.obj
 0001:00032620       ?Init@AdjacenciesBuilder@physx@@QAE_NABUADJACENCIESCREATE@2@@Z 10033620 f   Adjacencies.obj
 0001:00033910       ??$?_UV?$ReflectionAllocator@VAdjEdge@@@shdfnd@physx@@@UserAllocated@shdfnd@physx@@SAPAXIV?$ReflectionAllocator@VAdjEdge@@@12@PBDH@Z 10034910 f i Adjacencies.obj
 0001:00033930       ??$?_UV?$ReflectionAllocator@VAdjTriangle@physx@@@shdfnd@physx@@@UserAllocated@shdfnd@physx@@SAPAXIV?$ReflectionAllocator@VAdjTriangle@physx@@@12@PBDH@Z 10034930 f i Adjacencies.obj
 0001:00033950       ??$swap@M@shdfnd@physx@@YAXAAM0@Z 10034950 f i Adjacencies.obj
 0001:00033990       ??0?$ReflectionAllocator@VAdjEdge@@@shdfnd@physx@@QAE@PBD@Z 10034990 f i Adjacencies.obj
 0001:000339b0       ??0?$ReflectionAllocator@VAdjTriangle@physx@@@shdfnd@physx@@QAE@PBD@Z 100349b0 f i Adjacencies.obj
 0001:000339d0       ??0?$TriangleT@I@Gu@physx@@QAE@XZ 100349d0 f i Adjacencies.obj
 0001:000339f0       ??0AdjEdge@@QAE@XZ         100349f0 f i Adjacencies.obj
 0001:00033a10       ??0AdjTriangle@physx@@QAE@XZ 10034a10 f i Adjacencies.obj
 0001:00033a50       ??1AdjEdge@@QAE@XZ         10034a50 f i Adjacencies.obj
 0001:00033a60       ??1AdjTriangle@physx@@QAE@XZ 10034a60 f i Adjacencies.obj
 0001:00033a70       ??_EAdjEdge@@QAEPAXI@Z     10034a70 f i Adjacencies.obj
 0001:00033b50       ??_EAdjTriangle@physx@@QAEPAXI@Z 10034b50 f i Adjacencies.obj
 0001:00033c30       ??_I@YGXPAXIIP6EX0@Z@Z     10034c30 f i Adjacencies.obj
 0001:00033ca0       ??_VUserAllocated@shdfnd@physx@@SAXPAX@Z 10034ca0 f i Adjacencies.obj
 0001:00033cd0       ?GetEdgeTriangle@EdgeList@Gu@physx@@QBEABUEdgeTriangleData@23@I@Z 10034cd0 f i Adjacencies.obj
 0001:00033cf0       ?HasActiveEdge01@EdgeTriangleAC@Gu@physx@@SAHABUEdgeTriangleData@23@@Z 10034cf0 f i Adjacencies.obj
 0001:00033d10       ?HasActiveEdge12@EdgeTriangleAC@Gu@physx@@SAHABUEdgeTriangleData@23@@Z 10034d10 f i Adjacencies.obj
 0001:00033d30       ?HasActiveEdge20@EdgeTriangleAC@Gu@physx@@SAHABUEdgeTriangleData@23@@Z 10034d30 f i Adjacencies.obj
 0001:00034370       ?allocate@?$ReflectionAllocator@VAdjEdge@@@shdfnd@physx@@QAEPAXIPBDH@Z 10035370 f i Adjacencies.obj
 0001:000343d0       ?allocate@?$ReflectionAllocator@VAdjTriangle@physx@@@shdfnd@physx@@QAEPAXIPBDH@Z 100353d0 f i Adjacencies.obj
 0001:00034430       ?findEdge@?$TriangleT@I@Gu@physx@@QBEEII@Z 10035430 f i Adjacencies.obj
 0001:000345a0       ?getName@?$ReflectionAllocator@VAdjEdge@@@shdfnd@physx@@CAPBDXZ 100355a0 f i Adjacencies.obj
 0001:000345f0       ?getName@?$ReflectionAllocator@VAdjTriangle@physx@@@shdfnd@physx@@CAPBDXZ 100355f0 f i Adjacencies.obj
 0001:00034640       _PxCreateCooking           10035640 f   Cooking.obj
 0001:000346f0       ?release@Cooking@physx@@UAEXXZ 100356f0 f   Cooking.obj
 0001:00034730       ?setParams@Cooking@physx@@UAEXABUPxCookingParams@2@@Z 10035730 f   Cooking.obj
 0001:00034750       ?getParams@Cooking@physx@@UAEABUPxCookingParams@2@XZ 10035750 f   Cooking.obj
 0001:00034770       ?platformMismatch@Cooking@physx@@UAE_NXZ 10035770 f   Cooking.obj
 0001:000348a0       ?cookTriangleMesh@Cooking@physx@@UAE_NABVPxTriangleMeshDesc@2@AAVPxOutputStream@2@@Z 100358a0 f   Cooking.obj
 0001:00034a00       ?createTriangleMesh@Cooking@physx@@UAEPAVPxTriangleMesh@2@ABVPxTriangleMeshDesc@2@AAVPxPhysicsInsertionCallback@2@@Z 10035a00 f   Cooking.obj
 0001:00034ba0       ?validateTriangleMesh@Cooking@physx@@UAE_NABVPxTriangleMeshDesc@2@@Z 10035ba0 f   Cooking.obj
 0001:00034c40       ?cookConvexMesh@Cooking@physx@@UAE_NABVPxConvexMeshDesc@2@AAVPxOutputStream@2@PAW4Enum@PxConvexMeshCookingResult@2@@Z 10035c40 f   Cooking.obj
 0001:000350e0       ?computeHullPolygons@Cooking@physx@@UAE_NABVPxSimpleTriangleMesh@2@AAVPxAllocatorCallback@2@AAIAAPAVPxVec3@2@2AAPAI2AAPAUPxHullPolygon@2@@Z 100360e0 f   Cooking.obj
 0001:000352a0       ?cookHeightField@Cooking@physx@@UAE_NABVPxHeightFieldDesc@2@AAVPxOutputStream@2@@Z 100362a0 f   Cooking.obj
 0001:00035490       ?createHeightField@Cooking@physx@@UAEPAVPxHeightField@2@ABVPxHeightFieldDesc@2@AAVPxPhysicsInsertionCallback@2@@Z 10036490 f   Cooking.obj
 0001:00035660       ?loadTriangleMeshDesc@Cooking@physx@@AAE_NABVPxTriangleMeshDesc@2@AAVTriangleMeshBuilder@2@@Z 10036660 f   Cooking.obj
 0001:00035b60       ??$?2V?$ReflectionAllocator@VCooking@physx@@@shdfnd@physx@@@UserAllocated@shdfnd@physx@@SAPAXIV?$ReflectionAllocator@VCooking@physx@@@12@PBDH@Z 10036b60 f i Cooking.obj
 0001:00035b80       ??$PX_UNUSED@VPxFoundation@physx@@@@YAXABVPxFoundation@physx@@@Z 10036b80 f i Cooking.obj
 0001:00035b90       ??0?$PxFlags@W4Enum@PxConvexFlag@physx@@G@physx@@QAE@W4Enum@PxConvexFlag@1@@Z 10036b90 f i Cooking.obj
 0001:00035bb0       ??0?$PxFlags@W4Enum@PxConvexFlag@physx@@G@physx@@QAE@XZ 10036bb0 f i Cooking.obj
 0001:00035bd0       ??0?$PxFlags@W4Enum@PxHeightFieldFlag@physx@@G@physx@@QAE@ABV01@@Z 10036bd0 f i Cooking.obj
 0001:00035c00       ??0?$ReflectionAllocator@VCooking@physx@@@shdfnd@physx@@QAE@PBD@Z 10036c00 f i Cooking.obj
 0001:00035c20       ??0?$ReflectionAllocator@VHeightField@Gu@physx@@@shdfnd@physx@@QAE@PBD@Z 10036c20 f i Cooking.obj
 0001:00035c40       ??0?$ReflectionAllocator@VTriangleMeshBuilder@physx@@@shdfnd@physx@@QAE@PBD@Z 10036c40 f i Cooking.obj
 0001:00035c60       ??0Cooking@physx@@QAE@ABUPxCookingParams@1@@Z 10036c60 f i Cooking.obj
 0001:00035ca0       ??0HullDesc@physx@@QAE@XZ  10036ca0 f i Cooking.obj
 0001:00035d20       ??0HullResult@physx@@QAE@XZ 10036d20 f i Cooking.obj
 0001:00035d80       ??0PxConvexMeshDesc@physx@@QAE@ABV01@@Z 10036d80 f i Cooking.obj
 0001:00035e40       ??0PxCooking@physx@@QAE@XZ 10036e40 f i Cooking.obj
 0001:00035e60       ??0PxCookingParams@physx@@QAE@ABU01@@Z 10036e60 f i Cooking.obj
 0001:00035f30       ??0TriangleMeshBuilder@physx@@QAE@XZ 10036f30 f i Cooking.obj
 0001:00035f70       ??1Cooking@physx@@UAE@XZ   10036f70 f i Cooking.obj
 0001:00035f90       ??1PxCooking@physx@@MAE@XZ 10036f90 f i Cooking.obj
 0001:00035fb0       ??1TriangleMeshBuilder@physx@@UAE@XZ 10036fb0 f i Cooking.obj
 0001:00035fd0       ??4?$PxFlags@W4Enum@PxMeshPreprocessingFlag@physx@@I@physx@@QAEAAV01@ABV01@@Z 10036fd0 f i Cooking.obj
 0001:00035ff0       ??4PxCookingParams@physx@@QAEAAU01@ABU01@@Z 10036ff0 f i Cooking.obj
 0001:000360c0       ??9?$PxFlags@W4Enum@PxHeightFieldFlag@physx@@G@physx@@QBE_NABV01@@Z 100370c0 f i Cooking.obj
 0001:00036100       ??I?$PxFlags@W4Enum@PxHeightFieldFlag@physx@@G@physx@@QBE?AV01@W4Enum@PxHeightFieldFlag@1@@Z 10037100 f i Cooking.obj
 0001:00036150       ??S?$PxFlags@W4Enum@PxConvexFlag@physx@@G@physx@@QBE?AV01@XZ 10037150 f i Cooking.obj
 0001:00036190       ??Sphysx@@YA?AV?$PxFlags@W4Enum@PxConvexFlag@physx@@G@0@W4Enum@PxConvexFlag@0@@Z 10037190 f i Cooking.obj
 0001:000361c0       ??_4?$PxFlags@W4Enum@PxConvexFlag@physx@@G@physx@@QAEAAV01@ABV01@@Z 100371c0 f i Cooking.obj
 0001:000361ed       ??_ETriangleMeshBuilder@physx@@W7AEPAXI@Z 100371ed f i Cooking.obj
 0001:00036200       ??_ECooking@physx@@UAEPAXI@Z 10037200 f i Cooking.obj
 0001:00036200       ??_GCooking@physx@@UAEPAXI@Z 10037200 f i Cooking.obj
 0001:00036260       ??_EPxCooking@physx@@MAEPAXI@Z 10037260 f i Cooking.obj
 0001:00036260       ??_GPxCooking@physx@@MAEPAXI@Z 10037260 f i Cooking.obj
 0001:000362a0       ??_ETriangleMeshBuilder@physx@@UAEPAXI@Z 100372a0 f i Cooking.obj
 0001:000362a0       ??_GTriangleMeshBuilder@physx@@UAEPAXI@Z 100372a0 f i Cooking.obj
 0001:00036300       ?allocate@?$ReflectionAllocator@VCooking@physx@@@shdfnd@physx@@QAEPAXIPBDH@Z 10037300 f i Cooking.obj
 0001:00036360       ?allocate@?$ReflectionAllocator@VHeightField@Gu@physx@@@shdfnd@physx@@QAEPAXIPBDH@Z 10037360 f i Cooking.obj
 0001:000363c0       ?allocate@?$ReflectionAllocator@VTriangleMeshBuilder@physx@@@shdfnd@physx@@QAEPAXIPBDH@Z 100373c0 f i Cooking.obj
 0001:00036420       ?getName@?$ReflectionAllocator@VCooking@physx@@@shdfnd@physx@@CAPBDXZ 10037420 f i Cooking.obj
 0001:00036470       ?getName@?$ReflectionAllocator@VHeightField@Gu@physx@@@shdfnd@physx@@CAPBDXZ 10037470 f i Cooking.obj
 0001:000364c0       ?getName@?$ReflectionAllocator@VTriangleMeshBuilder@physx@@@shdfnd@physx@@CAPBDXZ 100374c0 f i Cooking.obj
 0001:00036510       ?isValid@PxHeightFieldDesc@physx@@QBE_NXZ 10037510 f i Cooking.obj
 0001:000365f0       ?littleEndian@shdfnd@physx@@YADXZ 100375f0 f i Cooking.obj
 0001:00036610       ?requires@TriangleMesh@Gu@physx@@UAEXAAVPxProcessPxBaseCallback@3@@Z 10037610 f i Cooking.obj
 0001:00036620       ??0ReducedVertexCloud@physx@@QAE@PBVPxVec3@1@I@Z 10037620 f   CookingUtils.obj
 0001:00036660       ??1ReducedVertexCloud@physx@@QAE@XZ 10037660 f   CookingUtils.obj
 0001:00036680       ?Clean@ReducedVertexCloud@physx@@QAEAAV12@XZ 10037680 f   CookingUtils.obj
 0001:000366e0       ?Reduce@ReducedVertexCloud@physx@@QAE_NPAUREDUCEDCLOUD@2@@Z 100376e0 f   CookingUtils.obj
 0001:00036ae0       ??0EdgeList@Gu@physx@@QAE@XZ 10037ae0 f   EdgeList.obj
 0001:00036b20       ??1EdgeList@Gu@physx@@QAE@XZ 10037b20 f   EdgeList.obj
 0001:00036bc0       ?Load@EdgeList@Gu@physx@@QAE_NAAVPxInputStream@3@@Z 10037bc0 f   EdgeList.obj
 0001:00036d90       ??0EdgeListBuilder@Gu@physx@@QAE@XZ 10037d90 f   EdgeList.obj
 0001:00036db0       ??1EdgeListBuilder@Gu@physx@@QAE@XZ 10037db0 f   EdgeList.obj
 0001:00036dd0       ?Init@EdgeListBuilder@Gu@physx@@QAE_NABUEDGELISTCREATE@23@@Z 10037dd0 f   EdgeList.obj
 0001:00036f50       ?CreateFacesToEdges@EdgeListBuilder@Gu@physx@@AAE_NIPBIPBG@Z 10037f50 f   EdgeList.obj
 0001:00037440       ?CreateEdgesToFaces@EdgeListBuilder@Gu@physx@@AAE_NIPBIPBG@Z 10038440 f   EdgeList.obj
 0001:00037850       ?ComputeActiveEdges@EdgeListBuilder@Gu@physx@@AAE_NIPBIPBGPBVPxVec3@3@M@Z 10038850 f   EdgeList.obj
 0001:00039280       ??$?_UUEdgeData@Gu@physx@@@@YAPAXIV?$ReflectionAllocator@UEdgeData@Gu@physx@@@shdfnd@physx@@PBDH@Z 1003a280 f i EdgeList.obj
 0001:000392a0       ??$?_UUEdgeTriangleData@Gu@physx@@@@YAPAXIV?$ReflectionAllocator@UEdgeTriangleData@Gu@physx@@@shdfnd@physx@@PBDH@Z 1003a2a0 f i EdgeList.obj
 0001:000392c0       ??0?$ReflectionAllocator@UEdgeData@Gu@physx@@@shdfnd@physx@@QAE@PBD@Z 1003a2c0 f i EdgeList.obj
 0001:000392e0       ??0?$ReflectionAllocator@UEdgeTriangleData@Gu@physx@@@shdfnd@physx@@QAE@PBD@Z 1003a2e0 f i EdgeList.obj
 0001:00039300       ??0PxTriangle@physx@@QAE@ABVPxVec3@1@00@Z 1003a300 f i EdgeList.obj
 0001:00039380       ??1PxTriangle@physx@@QAE@XZ 1003a380 f i EdgeList.obj
 0001:00039390       ?GetEdgeToTriangles@EdgeList@Gu@physx@@QBEPBUEdgeDescData@23@XZ 1003a390 f i EdgeList.obj
 0001:000393b0       ?GetEdges@EdgeList@Gu@physx@@QBEPBUEdgeData@23@XZ 1003a3b0 f i EdgeList.obj
 0001:000393d0       ?GetFacesByEdges@EdgeList@Gu@physx@@QBEPBIXZ 1003a3d0 f i EdgeList.obj
 0001:000393f0       ?OppositeVertex@@YAIIIIII@Z 1003a3f0 f i EdgeList.obj
 0001:00039490       ?PxAtan2@physx@@YAMMM@Z    1003a490 f i EdgeList.obj
 0001:000394c0       ?allocate@?$ReflectionAllocator@UEdgeData@Gu@physx@@@shdfnd@physx@@QAEPAXIPBDH@Z 1003a4c0 f i EdgeList.obj
 0001:00039520       ?allocate@?$ReflectionAllocator@UEdgeTriangleData@Gu@physx@@@shdfnd@physx@@QAEPAXIPBDH@Z 1003a520 f i EdgeList.obj
 0001:00039580       ?angle@shdfnd@physx@@YAMABVPxVec3@2@0@Z 1003a580 f i EdgeList.obj
 0001:000395f0       ?getName@?$ReflectionAllocator@UEdgeData@Gu@physx@@@shdfnd@physx@@CAPBDXZ 1003a5f0 f i EdgeList.obj
 0001:00039640       ?getName@?$ReflectionAllocator@UEdgeTriangleData@Gu@physx@@@shdfnd@physx@@CAPBDXZ 1003a640 f i EdgeList.obj
 0001:00039690       ?normal@PxTriangle@physx@@QBEXAAVPxVec3@2@@Z 1003a690 f i EdgeList.obj
 0001:00039720       _atan2f                    1003a720 f i EdgeList.obj
 0001:00039760       ??0InternalTriangleMeshBuilder@physx@@QAE@PAVInternalTriangleMesh@1@ABUPxCookingParams@1@@Z 1003a760 f   InternalTriangleMeshBuilder.obj
 0001:00039790       ??1InternalTriangleMeshBuilder@physx@@QAE@XZ 1003a790 f   InternalTriangleMeshBuilder.obj
 0001:000397b0       ?cleanMesh@InternalTriangleMeshBuilder@physx@@QAE_N_N@Z 1003a7b0 f   InternalTriangleMeshBuilder.obj
 0001:00039d30       ?fillRemapTable@InternalTriangleMeshBuilder@physx@@QAEXXZ 1003ad30 f   InternalTriangleMeshBuilder.obj
 0001:00039e00       ?remapTopology@InternalTriangleMeshBuilder@physx@@QAEXPBI@Z 1003ae00 f   InternalTriangleMeshBuilder.obj
 0001:0003a0d0       ?createRTree@InternalTriangleMeshBuilder@physx@@QAE_NXZ 1003b0d0 f   InternalTriangleMeshBuilder.obj
 0001:0003a230       ?createSharedEdgeData@InternalTriangleMeshBuilder@physx@@QAEX_N0@Z 1003b230 f   InternalTriangleMeshBuilder.obj
 0001:0003a8a0       ?releaseEdgeList@InternalTriangleMeshBuilder@physx@@AAEXXZ 1003b8a0 f   InternalTriangleMeshBuilder.obj
 0001:0003a8f0       ?createEdgeList@InternalTriangleMeshBuilder@physx@@AAEXXZ 1003b8f0 f   InternalTriangleMeshBuilder.obj
 0001:0003aeb0       ??$?2V?$ReflectionAllocator@VEdgeListBuilder@Gu@physx@@@shdfnd@physx@@@UserAllocated@shdfnd@physx@@SAPAXIV?$ReflectionAllocator@VEdgeListBuilder@Gu@physx@@@12@PBDH@Z 1003beb0 f i InternalTriangleMeshBuilder.obj
 0001:0003aed0       ??$PX_UNUSED@U?$TriangleT@I@Gu@physx@@@@YAXABU?$TriangleT@I@Gu@physx@@@Z 1003bed0 f i InternalTriangleMeshBuilder.obj
 0001:0003aee0       ??0?$Array@IVNamedAllocator@shdfnd@physx@@@shdfnd@physx@@QAE@ABVNamedAllocator@12@@Z 1003bee0 f i InternalTriangleMeshBuilder.obj
 0001:0003af30       ??0?$ReflectionAllocator@VEdgeListBuilder@Gu@physx@@@shdfnd@physx@@QAE@PBD@Z 1003bf30 f i InternalTriangleMeshBuilder.obj
 0001:0003af50       ??0RTreeCookerRemap@@QAE@I@Z 1003bf50 f i InternalTriangleMeshBuilder.obj
 0001:0003af90       ??0RemapCallback@RTreeCooker@physx@@QAE@XZ 1003bf90 f i InternalTriangleMeshBuilder.obj
 0001:0003afb0       ??1RTreeCookerRemap@@UAE@XZ 1003bfb0 f i InternalTriangleMeshBuilder.obj
 0001:0003afd0       ??1RemapCallback@RTreeCooker@physx@@UAE@XZ 1003bfd0 f i InternalTriangleMeshBuilder.obj
 0001:0003aff0       ??_GEdgeListBuilder@Gu@physx@@QAEPAXI@Z 1003bff0 f i InternalTriangleMeshBuilder.obj
 0001:0003b050       ??_ERTreeCookerRemap@@UAEPAXI@Z 1003c050 f i InternalTriangleMeshBuilder.obj
 0001:0003b050       ??_GRTreeCookerRemap@@UAEPAXI@Z 1003c050 f i InternalTriangleMeshBuilder.obj
 0001:0003b090       ??_ERemapCallback@RTreeCooker@physx@@UAEPAXI@Z 1003c090 f i InternalTriangleMeshBuilder.obj
 0001:0003b090       ??_GRemapCallback@RTreeCooker@physx@@UAEPAXI@Z 1003c090 f i InternalTriangleMeshBuilder.obj
 0001:0003b0d0       ?GetNbFaces@EdgeList@Gu@physx@@QBEIXZ 1003c0d0 f i InternalTriangleMeshBuilder.obj
 0001:0003b0f0       ?LeafSetData@Gu@physx@@YAIII@Z 1003c0f0 f i InternalTriangleMeshBuilder.obj
 0001:0003b1c0       ?SetData@LeafTriangles@Gu@physx@@QAEXII@Z 1003c1c0 f i InternalTriangleMeshBuilder.obj
 0001:0003b1f0       ?allocate@?$ReflectionAllocator@VEdgeListBuilder@Gu@physx@@@shdfnd@physx@@QAEPAXIPBDH@Z 1003c1f0 f i InternalTriangleMeshBuilder.obj
 0001:0003b250       ?findEdgeCCW@?$TriangleT@I@Gu@physx@@QBEEII@Z 1003c250 f i InternalTriangleMeshBuilder.obj
 0001:0003b3c0       ?getName@?$ReflectionAllocator@VEdgeListBuilder@Gu@physx@@@shdfnd@physx@@CAPBDXZ 1003c3c0 f i InternalTriangleMeshBuilder.obj
 0001:0003b410       ?remap@RTreeCookerRemap@@UAEXPAIII@Z 1003c410 f i InternalTriangleMeshBuilder.obj
 0001:0003b5b0       ??0MeshCleaner@physx@@QAE@IPBVPxVec3@1@IPBIM@Z 1003c5b0 f   MeshCleaner.obj
 0001:0003be00       ??1MeshCleaner@physx@@QAE@XZ 1003ce00 f   MeshCleaner.obj
 0001:0003c2d0       ??9Indices@@QBE_NABU0@@Z   1003d2d0 f i MeshCleaner.obj
 0001:0003c370       ??9PxVec3@physx@@QBE_NABV01@@Z 1003d370 f i MeshCleaner.obj
 0001:0003c3f0       ?PxFloor@physx@@YAMM@Z     1003d3f0 f i MeshCleaner.obj
 0001:0003c410       ?nextPowerOfTwo@shdfnd@physx@@YAII@Z 1003d410 f i MeshCleaner.obj
 0001:0003c470       _floorf                    1003d470 f i MeshCleaner.obj
 0001:0003c49c       _GetModuleFileNameA@12     1003d49c f   kernel32:KERNEL32.dll
 0001:0003c4a2       _LoadLibraryA@4            1003d4a2 f   kernel32:KERNEL32.dll
 0001:0003c4a8       __imp_load_?writeWord@physx@@YAXG_NAAVPxOutputStream@1@@Z 1003d4a8 f   PhysX3CommonDEBUG_x86:PhysX3CommonDEBUG_x86.dll
 0001:0003c4b2       __tailMerge_PhysX3CommonDEBUG_x86_dll 1003d4b2 f i PhysX3CommonDEBUG_x86:PhysX3CommonDEBUG_x86.dll
 0001:0003c4c3       ?writeWord@physx@@YAXG_NAAVPxOutputStream@1@@Z 1003d4c3 f   PhysX3CommonDEBUG_x86:PhysX3CommonDEBUG_x86.dll
 0001:0003c4c9       __imp_load_?writeDword@physx@@YAXI_NAAVPxOutputStream@1@@Z 1003d4c9 f   PhysX3CommonDEBUG_x86:PhysX3CommonDEBUG_x86.dll
 0001:0003c4d3       ?writeDword@physx@@YAXI_NAAVPxOutputStream@1@@Z 1003d4d3 f   PhysX3CommonDEBUG_x86:PhysX3CommonDEBUG_x86.dll
 0001:0003c4d9       __imp_load_?writeFloat@physx@@YAXM_NAAVPxOutputStream@1@@Z 1003d4d9 f   PhysX3CommonDEBUG_x86:PhysX3CommonDEBUG_x86.dll
 0001:0003c4e3       ?writeFloat@physx@@YAXM_NAAVPxOutputStream@1@@Z 1003d4e3 f   PhysX3CommonDEBUG_x86:PhysX3CommonDEBUG_x86.dll
 0001:0003c4e9       __imp_load_?writeHeader@physx@@YA_NCCCCI_NAAVPxOutputStream@1@@Z 1003d4e9 f   PhysX3CommonDEBUG_x86:PhysX3CommonDEBUG_x86.dll
 0001:0003c4f3       ?writeHeader@physx@@YA_NCCCCI_NAAVPxOutputStream@1@@Z 1003d4f3 f   PhysX3CommonDEBUG_x86:PhysX3CommonDEBUG_x86.dll
 0001:0003c4f9       __imp_load_??0Allocator@shdfnd@physx@@QAE@PBD@Z 1003d4f9 f   PhysX3CommonDEBUG_x86:PhysX3CommonDEBUG_x86.dll
 0001:0003c503       ??0Allocator@shdfnd@physx@@QAE@PBD@Z 1003d503 f   PhysX3CommonDEBUG_x86:PhysX3CommonDEBUG_x86.dll
[...]
 0004:000000a4       __imp__TlsFree@4           101010a4     kernel32:KERNEL32.dll
 0004:000000a8       __imp__GetModuleHandleExW@12 101010a8     kernel32:KERNEL32.dll
 0004:000000ac       __imp__HeapValidate@12     101010ac     kernel32:KERNEL32.dll
 0004:000000b0       __imp__ExitProcess@4       101010b0     kernel32:KERNEL32.dll
 0004:000000b4       __imp__GetDateFormatW@24   101010b4     kernel32:KERNEL32.dll
 0004:000000b8       __imp__GetTimeFormatW@24   101010b8     kernel32:KERNEL32.dll
 0004:000000bc       __imp__CompareStringW@24   101010bc     kernel32:KERNEL32.dll
 0004:000000c0       __imp__LCMapStringW@24     101010c0     kernel32:KERNEL32.dll
 0004:000000c4       __imp__GetLocaleInfoW@16   101010c4     kernel32:KERNEL32.dll
 0004:000000c8       __imp__IsValidLocale@8     101010c8     kernel32:KERNEL32.dll
 0004:000000cc       __imp__GetUserDefaultLCID@0 101010cc     kernel32:KERNEL32.dll
 0004:000000d0       __imp__EnumSystemLocalesW@8 101010d0     kernel32:KERNEL32.dll
 0004:000000d4       __imp__GetStdHandle@4      101010d4     kernel32:KERNEL32.dll
 0004:000000d8       __imp__GetFileType@4       101010d8     kernel32:KERNEL32.dll
 0004:000000dc       __imp__GetCurrentThread@0  101010dc     kernel32:KERNEL32.dll
 0004:000000e0       __imp__GetACP@0            101010e0     kernel32:KERNEL32.dll
 0004:000000e4       __imp__EncodePointer@4     101010e4     kernel32:KERNEL32.dll
 0004:000000e8       __imp__DecodePointer@4     101010e8     kernel32:KERNEL32.dll
 0004:000000ec       __imp__WriteFile@20        101010ec     kernel32:KERNEL32.dll
 0004:000000f0       __imp__OutputDebugStringA@4 101010f0     kernel32:KERNEL32.dll
 0004:000000f4       __imp__OutputDebugStringW@4 101010f4     kernel32:KERNEL32.dll
 0004:000000f8       __imp__WriteConsoleW@20    101010f8     kernel32:KERNEL32.dll
 0004:000000fc       __imp__CloseHandle@4       101010fc     kernel32:KERNEL32.dll
 0004:00000100       __imp__WaitForSingleObjectEx@12 10101100     kernel32:KERNEL32.dll
 0004:00000104       __imp__CreateThread@24     10101104     kernel32:KERNEL32.dll
 0004:00000108       __imp__SetConsoleCtrlHandler@8 10101108     kernel32:KERNEL32.dll
 0004:0000010c       __imp__HeapReAlloc@16      1010110c     kernel32:KERNEL32.dll
 0004:00000110       __imp__HeapSize@12         10101110     kernel32:KERNEL32.dll
 0004:00000114       __imp__HeapQueryInformation@20 10101114     kernel32:KERNEL32.dll
 0004:00000118       __imp__FindClose@4         10101118     kernel32:KERNEL32.dll
 0004:0000011c       __imp__FindFirstFileExA@24 1010111c     kernel32:KERNEL32.dll
 0004:00000120       __imp__FindFirstFileExW@24 10101120     kernel32:KERNEL32.dll
 0004:00000124       __imp__FindNextFileA@8     10101124     kernel32:KERNEL32.dll
 0004:00000128       __imp__FindNextFileW@8     10101128     kernel32:KERNEL32.dll
 0004:0000012c       __imp__IsValidCodePage@4   1010112c     kernel32:KERNEL32.dll
 0004:00000130       __imp__GetOEMCP@0          10101130     kernel32:KERNEL32.dll
 0004:00000134       __imp__GetCPInfo@8         10101134     kernel32:KERNEL32.dll
 0004:00000138       __imp__GetCommandLineA@0   10101138     kernel32:KERNEL32.dll
 0004:0000013c       __imp__GetCommandLineW@0   1010113c     kernel32:KERNEL32.dll
 0004:00000140       __imp__GetEnvironmentStringsW@0 10101140     kernel32:KERNEL32.dll
 0004:00000144       __imp__FreeEnvironmentStringsW@4 10101144     kernel32:KERNEL32.dll
 0004:00000148       __imp__SetEnvironmentVariableA@8 10101148     kernel32:KERNEL32.dll
 0004:0000014c       __imp__SetEnvironmentVariableW@8 1010114c     kernel32:KERNEL32.dll
 0004:00000150       __imp__GetStringTypeW@16   10101150     kernel32:KERNEL32.dll
 0004:00000154       __imp__FlushFileBuffers@4  10101154     kernel32:KERNEL32.dll
 0004:00000158       __imp__GetConsoleCP@0      10101158     kernel32:KERNEL32.dll
 0004:0000015c       __imp__GetConsoleMode@8    1010115c     kernel32:KERNEL32.dll
 0004:00000160       __imp__SetStdHandle@8      10101160     kernel32:KERNEL32.dll
 0004:00000164       __imp__SetFilePointerEx@20 10101164     kernel32:KERNEL32.dll
 0004:00000168       __imp__CreateFileW@28      10101168     kernel32:KERNEL32.dll
 0004:0000016c       \177KERNEL32_NULL_THUNK_DATA 1010116c     kernel32:KERNEL32.dll
 0004:000001e0       __IMPORT_DESCRIPTOR_KERNEL32 101011e0     kernel32:KERNEL32.dll
 0004:000001f4       __NULL_IMPORT_DESCRIPTOR   101011f4     kernel32:KERNEL32.dll
 0005:00000000       __DELAY_IMPORT_DESCRIPTOR_PhysX3CommonDEBUG_x86_dll 10102000     PhysX3CommonDEBUG_x86:PhysX3CommonDEBUG_x86.dll
 0005:00000020       __NULL_DELAY_IMPORT_DESCRIPTOR 10102020     PhysX3CommonDEBUG_x86:PhysX3CommonDEBUG_x86.dll
 0005:000001f4       \177PhysX3CommonDEBUG_x86_NULL_THUNK_DATA_DLN 101021f4     PhysX3CommonDEBUG_x86:PhysX3CommonDEBUG_x86.dll
 0005:00000274       __imp_?writeWord@physx@@YAXG_NAAVPxOutputStream@1@@Z 10102274     PhysX3CommonDEBUG_x86:PhysX3CommonDEBUG_x86.dll
 0005:00000278       __imp_?writeDword@physx@@YAXI_NAAVPxOutputStream@1@@Z 10102278     PhysX3CommonDEBUG_x86:PhysX3CommonDEBUG_x86.dll
 0005:0000027c       __imp_?writeFloat@physx@@YAXM_NAAVPxOutputStream@1@@Z 1010227c     PhysX3CommonDEBUG_x86:PhysX3CommonDEBUG_x86.dll
 0005:00000280       __imp_?writeHeader@physx@@YA_NCCCCI_NAAVPxOutputStream@1@@Z 10102280     PhysX3CommonDEBUG_x86:PhysX3CommonDEBUG_x86.dll
 0005:00000284       __imp_??0Allocator@shdfnd@physx@@QAE@PBD@Z 10102284     PhysX3CommonDEBUG_x86:PhysX3CommonDEBUG_x86.dll
 0005:00000288       __imp_?allocate@Allocator@shdfnd@physx@@QAEPAXIPBDH@Z 10102288     PhysX3CommonDEBUG_x86:PhysX3CommonDEBUG_x86.dll
 0005:0000028c       __imp_??0NamedAllocator@shdfnd@physx@@QAE@PBD@Z 1010228c     PhysX3CommonDEBUG_x86:PhysX3CommonDEBUG_x86.dll
 0005:00000290       __imp_??0NamedAllocator@shdfnd@physx@@QAE@ABV012@@Z 10102290     PhysX3CommonDEBUG_x86:PhysX3CommonDEBUG_x86.dll
 0005:00000294       __imp_??1NamedAllocator@shdfnd@physx@@QAE@XZ 10102294     PhysX3CommonDEBUG_x86:PhysX3CommonDEBUG_x86.dll
 0005:00000298       __imp_?allocate@NamedAllocator@shdfnd@physx@@QAEPAXIPBDH@Z 10102298     PhysX3CommonDEBUG_x86:PhysX3CommonDEBUG_x86.dll
 0005:0000029c       __imp_?deallocate@NamedAllocator@shdfnd@physx@@QAEXPAX@Z 1010229c     PhysX3CommonDEBUG_x86:PhysX3CommonDEBUG_x86.dll
 0005:000002a0       __imp_?PxGetAssertHandler@physx@@YAAAVPxAssertHandler@1@XZ 101022a0     PhysX3CommonDEBUG_x86:PhysX3CommonDEBUG_x86.dll
 0005:000002a4       __imp_?validate@RTree@Gu@physx@@QAEXXZ 101022a4     PhysX3CommonDEBUG_x86:PhysX3CommonDEBUG_x86.dll
 0005:000002a8       __imp_??0TempAllocator@shdfnd@physx@@QAE@PBD@Z 101022a8     PhysX3CommonDEBUG_x86:PhysX3CommonDEBUG_x86.dll
 0005:000002ac       __imp_?allocate@TempAllocator@shdfnd@physx@@QAEPAXIPBDH@Z 101022ac     PhysX3CommonDEBUG_x86:PhysX3CommonDEBUG_x86.dll
 0005:000002b0       __imp_?deallocate@TempAllocator@shdfnd@physx@@QAEXPAX@Z 101022b0     PhysX3CommonDEBUG_x86:PhysX3CommonDEBUG_x86.dll
 0005:000002b4       __imp_?computeBoundsAroundVertices@Gu@physx@@YAXAAVPxBounds3@2@IPIBVPxVec3@2@@Z 101022b4     PhysX3CommonDEBUG_x86:PhysX3CommonDEBUG_x86.dll
 0005:000002b8       __imp__PxGetFoundation     101022b8     PhysX3CommonDEBUG_x86:PhysX3CommonDEBUG_x86.dll
 0005:000002bc       __imp_?getAllocator@shdfnd@physx@@YAAAVPxAllocatorCallback@2@XZ 101022bc     PhysX3CommonDEBUG_x86:PhysX3CommonDEBUG_x86.dll
 0005:000002c0       __imp_?deallocate@Allocator@shdfnd@physx@@QAEXPAX@Z 101022c0     PhysX3CommonDEBUG_x86:PhysX3CommonDEBUG_x86.dll
 0005:000002c4       __imp_?getInstance@Foundation@shdfnd@physx@@SAAAV123@XZ 101022c4     PhysX3CommonDEBUG_x86:PhysX3CommonDEBUG_x86.dll
 0005:000002c8       __imp_?error@Foundation@shdfnd@physx@@QAAXW4Enum@PxErrorCode@3@PBDH1ZZ 101022c8     PhysX3CommonDEBUG_x86:PhysX3CommonDEBUG_x86.dll
 0005:000002cc       __imp_?save@RTree@Gu@physx@@QBE_NAAVPxOutputStream@3@@Z 101022cc     PhysX3CommonDEBUG_x86:PhysX3CommonDEBUG_x86.dll
 0005:000002d0       __imp_?release@InternalTriangleMesh@physx@@QAEXXZ 101022d0     PhysX3CommonDEBUG_x86:PhysX3CommonDEBUG_x86.dll
 0005:000002d4       __imp_?allocateVertices@InternalTriangleMesh@physx@@QAEPAVPxVec3@2@I@Z 101022d4     PhysX3CommonDEBUG_x86:PhysX3CommonDEBUG_x86.dll
 0005:000002d8       __imp_?allocateTriangles@InternalTriangleMesh@physx@@QAEPAXI_N@Z 101022d8     PhysX3CommonDEBUG_x86:PhysX3CommonDEBUG_x86.dll
 0005:000002dc       __imp_?allocateMaterials@InternalTriangleMesh@physx@@QAEPAGXZ 101022dc     PhysX3CommonDEBUG_x86:PhysX3CommonDEBUG_x86.dll
 0005:000002e0       __imp_?getNumVertices@InternalTriangleMesh@physx@@QBEIXZ 101022e0     PhysX3CommonDEBUG_x86:PhysX3CommonDEBUG_x86.dll
 0005:000002e4       __imp_?getNumTriangles@InternalTriangleMesh@physx@@QBEIXZ 101022e4     PhysX3CommonDEBUG_x86:PhysX3CommonDEBUG_x86.dll
 0005:000002e8       __imp_?getVertices@InternalTriangleMesh@physx@@QBEPBVPxVec3@2@XZ 101022e8     PhysX3CommonDEBUG_x86:PhysX3CommonDEBUG_x86.dll
 0005:000002ec       __imp_?getTriangles@InternalTriangleMesh@physx@@QBEPBXXZ 101022ec     PhysX3CommonDEBUG_x86:PhysX3CommonDEBUG_x86.dll
 0005:000002f0       __imp_?getMaterials@InternalTriangleMesh@physx@@QBEPBGXZ 101022f0     PhysX3CommonDEBUG_x86:PhysX3CommonDEBUG_x86.dll
 0005:000002f4       __imp_?getFaceRemap@InternalTriangleMesh@physx@@QBEPBIXZ 101022f4     PhysX3CommonDEBUG_x86:PhysX3CommonDEBUG_x86.dll
 0005:000002f8       __imp_?getAdjacencies@InternalTriangleMesh@physx@@QBEPBIXZ 101022f8     PhysX3CommonDEBUG_x86:PhysX3CommonDEBUG_x86.dll
 0005:000002fc       __imp_?getCollisionModel@InternalTriangleMesh@physx@@QBEABVRTreeMidphase@Gu@2@XZ 101022fc     PhysX3CommonDEBUG_x86:PhysX3CommonDEBUG_x86.dll
 0005:00000300       __imp_?writeWordBuffer@physx@@YAXPBGI_NAAVPxOutputStream@1@@Z 10102300     PhysX3CommonDEBUG_x86:PhysX3CommonDEBUG_x86.dll
 0005:00000304       __imp_?writeFloatBuffer@physx@@YAXPBMI_NAAVPxOutputStream@1@@Z 10102304     PhysX3CommonDEBUG_x86:PhysX3CommonDEBUG_x86.dll
 0005:00000308       __imp_?computeMaxIndex@physx@@YAIPBII@Z 10102308     PhysX3CommonDEBUG_x86:PhysX3CommonDEBUG_x86.dll
 0005:0000030c       __imp_?storeIndices@physx@@YAXIIPBIAAVPxOutputStream@1@_N@Z 1010230c     PhysX3CommonDEBUG_x86:PhysX3CommonDEBUG_x86.dll
 0005:00000310       __imp_?computeMaxIndex@physx@@YAGPBGI@Z 10102310     PhysX3CommonDEBUG_x86:PhysX3CommonDEBUG_x86.dll
 0005:00000314       __imp_?WriteHeader@Gu@physx@@YA_NEEEEI_NAAVPxOutputStream@2@@Z 10102314     PhysX3CommonDEBUG_x86:PhysX3CommonDEBUG_x86.dll
 0005:00000318       __imp_?StoreIndices@Gu@physx@@YAXGIPBGAAVPxOutputStream@2@_N@Z 10102318     PhysX3CommonDEBUG_x86:PhysX3CommonDEBUG_x86.dll
 0005:0000031c       __imp_?CreateOffsets@BigConvexData@physx@@IAEXXZ 1010231c     PhysX3CommonDEBUG_x86:PhysX3CommonDEBUG_x86.dll
 0005:00000320       __imp_?GetRanks@RadixSort@Gu@physx@@QBEPBIXZ 10102320     PhysX3CommonDEBUG_x86:PhysX3CommonDEBUG_x86.dll
 0005:00000324       __imp_??0RadixSortBuffered@Gu@physx@@QAE@XZ 10102324     PhysX3CommonDEBUG_x86:PhysX3CommonDEBUG_x86.dll
 0005:00000328       __imp_??1RadixSortBuffered@Gu@physx@@UAE@XZ 10102328     PhysX3CommonDEBUG_x86:PhysX3CommonDEBUG_x86.dll
 0005:0000032c       __imp_?Sort@RadixSortBuffered@Gu@physx@@QAEAAV123@PBIIW4RadixHint@23@@Z 1010232c     PhysX3CommonDEBUG_x86:PhysX3CommonDEBUG_x86.dll
 0005:00000330       __imp_??0Container@Gu@physx@@QAE@XZ 10102330     PhysX3CommonDEBUG_x86:PhysX3CommonDEBUG_x86.dll
 0005:00000334       __imp_??0Container@Gu@physx@@QAE@ABV012@@Z 10102334     PhysX3CommonDEBUG_x86:PhysX3CommonDEBUG_x86.dll
 0005:00000338       __imp_??1Container@Gu@physx@@QAE@XZ 10102338     PhysX3CommonDEBUG_x86:PhysX3CommonDEBUG_x86.dll
 0005:0000033c       __imp_?Add@Container@Gu@physx@@QAEAAV123@I@Z 1010233c     PhysX3CommonDEBUG_x86:PhysX3CommonDEBUG_x86.dll
 0005:00000340       __imp_?Add@Container@Gu@physx@@QAEAAV123@PBII@Z 10102340     PhysX3CommonDEBUG_x86:PhysX3CommonDEBUG_x86.dll
 0005:00000344       __imp_?Add@Container@Gu@physx@@QAEAAV123@ABV123@@Z 10102344     PhysX3CommonDEBUG_x86:PhysX3CommonDEBUG_x86.dll
 0005:00000348       __imp_?AddUnique@Container@Gu@physx@@QAEAAV123@I@Z 10102348     PhysX3CommonDEBUG_x86:PhysX3CommonDEBUG_x86.dll
 0005:0000034c       __imp_?Empty@Container@Gu@physx@@QAEAAV123@XZ 1010234c     PhysX3CommonDEBUG_x86:PhysX3CommonDEBUG_x86.dll
 0005:00000350       __imp_?Reset@Container@Gu@physx@@QAEXXZ 10102350     PhysX3CommonDEBUG_x86:PhysX3CommonDEBUG_x86.dll
 0005:00000354       __imp_?Contains@Container@Gu@physx@@QBE_NIPAI@Z 10102354     PhysX3CommonDEBUG_x86:PhysX3CommonDEBUG_x86.dll
 0005:00000358       __imp_?DeleteIndex@Container@Gu@physx@@QAEXI@Z 10102358     PhysX3CommonDEBUG_x86:PhysX3CommonDEBUG_x86.dll
 0005:0000035c       __imp_?GetNbEntries@Container@Gu@physx@@QBEIXZ 1010235c     PhysX3CommonDEBUG_x86:PhysX3CommonDEBUG_x86.dll
 0005:00000360       __imp_?GetEntry@Container@Gu@physx@@QBEII@Z 10102360     PhysX3CommonDEBUG_x86:PhysX3CommonDEBUG_x86.dll
 0005:00000364       __imp_?GetEntries@Container@Gu@physx@@QBEPAIXZ 10102364     PhysX3CommonDEBUG_x86:PhysX3CommonDEBUG_x86.dll
 0005:00000368       __imp_??AContainer@Gu@physx@@QAEAAII@Z 10102368     PhysX3CommonDEBUG_x86:PhysX3CommonDEBUG_x86.dll
 0005:0000036c       __imp_??4Container@Gu@physx@@QAEXABV012@@Z 1010236c     PhysX3CommonDEBUG_x86:PhysX3CommonDEBUG_x86.dll
 0005:00000370       __imp_??0ConvexMesh@Gu@physx@@QAE@XZ 10102370     PhysX3CommonDEBUG_x86:PhysX3CommonDEBUG_x86.dll
 0005:00000374       __imp_??1ConvexMesh@Gu@physx@@UAE@XZ 10102374     PhysX3CommonDEBUG_x86:PhysX3CommonDEBUG_x86.dll
 0005:00000378       __imp_??0BigConvexData@physx@@QAE@XZ 10102378     PhysX3CommonDEBUG_x86:PhysX3CommonDEBUG_x86.dll
 0005:0000037c       __imp_??1BigConvexData@physx@@QAE@XZ 1010237c     PhysX3CommonDEBUG_x86:PhysX3CommonDEBUG_x86.dll
 0005:00000380       __imp_?exportExtraData@ConvexMesh@Gu@physx@@UAEXAAVPxSerializationContext@3@@Z 10102380     PhysX3CommonDEBUG_x86:PhysX3CommonDEBUG_x86.dll
 0005:00000384       __imp_?getConcreteTypeName@PxConvexMesh@physx@@UBEPBDXZ 10102384     PhysX3CommonDEBUG_x86:PhysX3CommonDEBUG_x86.dll
 0005:00000388       __imp_?getIndexBuffer@ConvexMesh@Gu@physx@@UBEPBEXZ 10102388     PhysX3CommonDEBUG_x86:PhysX3CommonDEBUG_x86.dll
 0005:0000038c       __imp_?getLocalBounds@ConvexMesh@Gu@physx@@UBE?AVPxBounds3@3@XZ 1010238c     PhysX3CommonDEBUG_x86:PhysX3CommonDEBUG_x86.dll
 0005:00000390       __imp_?getMassInformation@ConvexMesh@Gu@physx@@UBEXAAMAAVPxMat33@3@AAVPxVec3@3@@Z 10102390     PhysX3CommonDEBUG_x86:PhysX3CommonDEBUG_x86.dll
 0005:00000394       __imp_?getNbPolygons@ConvexMesh@Gu@physx@@UBEIXZ 10102394     PhysX3CommonDEBUG_x86:PhysX3CommonDEBUG_x86.dll
 0005:00000398       __imp_?getNbVertices@ConvexMesh@Gu@physx@@UBEIXZ 10102398     PhysX3CommonDEBUG_x86:PhysX3CommonDEBUG_x86.dll
 0005:0000039c       __imp_?getPolygonData@ConvexMesh@Gu@physx@@UBE_NIAAUPxHullPolygon@3@@Z 1010239c     PhysX3CommonDEBUG_x86:PhysX3CommonDEBUG_x86.dll
 0005:000003a0       __imp_?getReferenceCount@ConvexMesh@Gu@physx@@UBEIXZ 101023a0     PhysX3CommonDEBUG_x86:PhysX3CommonDEBUG_x86.dll
 0005:000003a4       __imp_?getVertices@ConvexMesh@Gu@physx@@UBEPBVPxVec3@3@XZ 101023a4     PhysX3CommonDEBUG_x86:PhysX3CommonDEBUG_x86.dll
 0005:000003a8       __imp_?isKindOf@PxConvexMesh@physx@@MBE_NPBD@Z 101023a8     PhysX3CommonDEBUG_x86:PhysX3CommonDEBUG_x86.dll
 0005:000003ac       __imp_?onRefCountZero@ConvexMesh@Gu@physx@@UAEXXZ 101023ac     PhysX3CommonDEBUG_x86:PhysX3CommonDEBUG_x86.dll
 0005:000003b0       __imp_?release@ConvexMesh@Gu@physx@@UAEXXZ 101023b0     PhysX3CommonDEBUG_x86:PhysX3CommonDEBUG_x86.dll
 0005:000003b4       __imp_?readDword@physx@@YAI_NAAVPxInputStream@1@@Z 101023b4     PhysX3CommonDEBUG_x86:PhysX3CommonDEBUG_x86.dll
 0005:000003b8       __imp_?ReadHeader@Gu@physx@@YA_NEEEEAAIAA_NAAVPxInputStream@2@@Z 101023b8     PhysX3CommonDEBUG_x86:PhysX3CommonDEBUG_x86.dll
 0005:000003bc       __imp_??0FPUGuard@shdfnd@physx@@QAE@XZ 101023bc     PhysX3CommonDEBUG_x86:PhysX3CommonDEBUG_x86.dll
 0005:000003c0       __imp_??1FPUGuard@shdfnd@physx@@QAE@XZ 101023c0     PhysX3CommonDEBUG_x86:PhysX3CommonDEBUG_x86.dll
 0005:000003c4       __imp_?incRefCount@Foundation@shdfnd@physx@@SAXXZ 101023c4     PhysX3CommonDEBUG_x86:PhysX3CommonDEBUG_x86.dll
 0005:000003c8       __imp_?decRefCount@Foundation@shdfnd@physx@@SAXXZ 101023c8     PhysX3CommonDEBUG_x86:PhysX3CommonDEBUG_x86.dll
 0005:000003cc       __imp_??0TriangleMesh@Gu@physx@@QAE@XZ 101023cc     PhysX3CommonDEBUG_x86:PhysX3CommonDEBUG_x86.dll
 0005:000003d0       __imp_?checkMeshIndicesSize@TriangleMesh@Gu@physx@@QAEXXZ 101023d0     PhysX3CommonDEBUG_x86:PhysX3CommonDEBUG_x86.dll
 0005:000003d4       __imp_??1TriangleMesh@Gu@physx@@UAE@XZ 101023d4     PhysX3CommonDEBUG_x86:PhysX3CommonDEBUG_x86.dll
 0005:000003d8       __imp_??0HeightField@Gu@physx@@QAE@PAVGuMeshFactory@2@@Z 101023d8     PhysX3CommonDEBUG_x86:PhysX3CommonDEBUG_x86.dll
 0005:000003dc       __imp_?loadFromDesc@HeightField@Gu@physx@@QAE_NABVPxHeightFieldDesc@3@_N@Z 101023dc     PhysX3CommonDEBUG_x86:PhysX3CommonDEBUG_x86.dll
 0005:000003e0       __imp_?releaseMemory@HeightField@Gu@physx@@QAEX_N@Z 101023e0     PhysX3CommonDEBUG_x86:PhysX3CommonDEBUG_x86.dll
 0005:000003e4       __imp_?exportExtraData@TriangleMesh@Gu@physx@@UAEXAAVPxSerializationContext@3@@Z 101023e4     PhysX3CommonDEBUG_x86:PhysX3CommonDEBUG_x86.dll
 0005:000003e8       __imp_?getConcreteTypeName@PxTriangleMesh@physx@@UBEPBDXZ 101023e8     PhysX3CommonDEBUG_x86:PhysX3CommonDEBUG_x86.dll
 0005:000003ec       __imp_?getLocalBounds@TriangleMesh@Gu@physx@@UBE?AVPxBounds3@3@XZ 101023ec     PhysX3CommonDEBUG_x86:PhysX3CommonDEBUG_x86.dll
 0005:000003f0       __imp_?getNbTriangles@TriangleMesh@Gu@physx@@UBEIXZ 101023f0     PhysX3CommonDEBUG_x86:PhysX3CommonDEBUG_x86.dll
 0005:000003f4       __imp_?getNbVertices@TriangleMesh@Gu@physx@@UBEIXZ 101023f4     PhysX3CommonDEBUG_x86:PhysX3CommonDEBUG_x86.dll
 0005:000003f8       __imp_?getReferenceCount@TriangleMesh@Gu@physx@@UBEIXZ 101023f8     PhysX3CommonDEBUG_x86:PhysX3CommonDEBUG_x86.dll
 0005:000003fc       __imp_?getTriangleMaterialIndex@TriangleMesh@Gu@physx@@UBEGI@Z 101023fc     PhysX3CommonDEBUG_x86:PhysX3CommonDEBUG_x86.dll
 0005:00000400       __imp_?getTriangleMeshFlags@TriangleMesh@Gu@physx@@UBE?AV?$PxFlags@W4Enum@PxTriangleMeshFlag@physx@@E@3@XZ 10102400     PhysX3CommonDEBUG_x86:PhysX3CommonDEBUG_x86.dll
 0005:00000404       __imp_?getTriangles@TriangleMesh@Gu@physx@@UBEPBXXZ 10102404     PhysX3CommonDEBUG_x86:PhysX3CommonDEBUG_x86.dll
 0005:00000408       __imp_?getTrianglesRemap@TriangleMesh@Gu@physx@@UBEPBIXZ 10102408     PhysX3CommonDEBUG_x86:PhysX3CommonDEBUG_x86.dll
 0005:0000040c       __imp_?getVertices@TriangleMesh@Gu@physx@@UBEPBVPxVec3@3@XZ 1010240c     PhysX3CommonDEBUG_x86:PhysX3CommonDEBUG_x86.dll
 0005:00000410       __imp_?isKindOf@PxTriangleMesh@physx@@MBE_NPBD@Z 10102410     PhysX3CommonDEBUG_x86:PhysX3CommonDEBUG_x86.dll
 0005:00000414       __imp_?onRefCountZero@TriangleMesh@Gu@physx@@UAEXXZ 10102414     PhysX3CommonDEBUG_x86:PhysX3CommonDEBUG_x86.dll
 0005:00000418       __imp_?release@TriangleMesh@Gu@physx@@UAEXXZ 10102418     PhysX3CommonDEBUG_x86:PhysX3CommonDEBUG_x86.dll
 0005:0000041c       __imp_?has16BitIndices@InternalTriangleMesh@physx@@QBE_NXZ 1010241c     PhysX3CommonDEBUG_x86:PhysX3CommonDEBUG_x86.dll
 0005:00000420       __imp_?setTriangleAdjacency@InternalTriangleMesh@physx@@QAEXIII@Z 10102420     PhysX3CommonDEBUG_x86:PhysX3CommonDEBUG_x86.dll
 0005:00000424       __imp_?setupMeshInterface@InternalTriangleMesh@physx@@QAEXXZ 10102424     PhysX3CommonDEBUG_x86:PhysX3CommonDEBUG_x86.dll
 0005:00000428       \177PhysX3CommonDEBUG_x86_NULL_THUNK_DATA_DLA 10102428     PhysX3CommonDEBUG_x86:PhysX3CommonDEBUG_x86.dll
 0005:00001d58       \177PhysX3CommonDEBUG_x86_NULL_THUNK_DATA_DLB 10103d58     PhysX3CommonDEBUG_x86:PhysX3CommonDEBUG_x86.dll
 0007:00000000       ___guard_check_icall_fptr  10106000     LIBCMTD:guard_support.obj
